..FF...F.
======================================================================
FAIL: test_full_pool_rows_cannot_be_omitted_or_fabricated (tests.test_scalar_artifact.ScalarArtifactTests.test_full_pool_rows_cannot_be_omitted_or_fabricated) (key='row_attempts')
----------------------------------------------------------------------
Traceback (most recent call last):
  File "/home/agent/.local/share/mtg-lab-symphony/workspaces/GH-217/tests/test_scalar_artifact.py", line 69, in test_full_pool_rows_cannot_be_omitted_or_fabricated
    with self.subTest(key=key), self.assertRaises(ValueError): validate_report(v)
AssertionError: ValueError not raised

======================================================================
FAIL: test_full_pool_rows_cannot_be_omitted_or_fabricated (tests.test_scalar_artifact.ScalarArtifactTests.test_full_pool_rows_cannot_be_omitted_or_fabricated) (key='row_completed')
----------------------------------------------------------------------
Traceback (most recent call last):
  File "/home/agent/.local/share/mtg-lab-symphony/workspaces/GH-217/tests/test_scalar_artifact.py", line 69, in test_full_pool_rows_cannot_be_omitted_or_fabricated
    with self.subTest(key=key), self.assertRaises(ValueError): validate_report(v)
AssertionError: ValueError not raised

======================================================================
FAIL: test_shortened_game_horizon_rejected (tests.test_scalar_artifact.ScalarArtifactTests.test_shortened_game_horizon_rejected)
----------------------------------------------------------------------
Traceback (most recent call last):
  File "/home/agent/.local/share/mtg-lab-symphony/workspaces/GH-217/tests/test_scalar_artifact.py", line 64, in test_shortened_game_horizon_rejected
    with self.assertRaises(ValueError): validate_report(v)
AssertionError: ValueError not raised

----------------------------------------------------------------------
Ran 8 tests in 0.005s

FAILED (failures=3)
