EFFF
======================================================================
ERROR: test_identical_rates_have_zero_overhead (tests.test_scalar_artifact.ScalarPairTests.test_identical_rates_have_zero_overhead)
----------------------------------------------------------------------
Traceback (most recent call last):
  File "/home/agent/.local/share/mtg-lab-symphony/workspaces/GH-217/tests/test_scalar_artifact.py", line 111, in test_identical_rates_have_zero_overhead
    self.assertEqual(result['heuristic-activation-mana-v1']['counters_overhead_percent'],0)
                     ~~~~~~^^^^^^^^^^^^^^^^^^^^^^^^^^^^^^^^
KeyError: 'heuristic-activation-mana-v1'

======================================================================
FAIL: test_missing_pair_and_changed_seed_or_binary_rejected (tests.test_scalar_artifact.ScalarPairTests.test_missing_pair_and_changed_seed_or_binary_rejected) (mutation='missing')
----------------------------------------------------------------------
Traceback (most recent call last):
  File "/home/agent/.local/share/mtg-lab-symphony/workspaces/GH-217/tests/test_scalar_artifact.py", line 120, in test_missing_pair_and_changed_seed_or_binary_rejected
    with self.subTest(mutation=mutation),self.assertRaises(ValueError):validate_suite(runs)
AssertionError: ValueError not raised

======================================================================
FAIL: test_missing_pair_and_changed_seed_or_binary_rejected (tests.test_scalar_artifact.ScalarPairTests.test_missing_pair_and_changed_seed_or_binary_rejected) (mutation='seed')
----------------------------------------------------------------------
Traceback (most recent call last):
  File "/home/agent/.local/share/mtg-lab-symphony/workspaces/GH-217/tests/test_scalar_artifact.py", line 120, in test_missing_pair_and_changed_seed_or_binary_rejected
    with self.subTest(mutation=mutation),self.assertRaises(ValueError):validate_suite(runs)
AssertionError: ValueError not raised

======================================================================
FAIL: test_missing_pair_and_changed_seed_or_binary_rejected (tests.test_scalar_artifact.ScalarPairTests.test_missing_pair_and_changed_seed_or_binary_rejected) (mutation='binary')
----------------------------------------------------------------------
Traceback (most recent call last):
  File "/home/agent/.local/share/mtg-lab-symphony/workspaces/GH-217/tests/test_scalar_artifact.py", line 120, in test_missing_pair_and_changed_seed_or_binary_rejected
    with self.subTest(mutation=mutation),self.assertRaises(ValueError):validate_suite(runs)
AssertionError: ValueError not raised

----------------------------------------------------------------------
Ran 2 tests in 0.011s

FAILED (failures=3, errors=1)
