    Finished `test` profile [unoptimized + debuginfo] target(s) in 0.01s
     Running unittests src/lib.rs (target/debug/deps/mtg_core-6a433e9b4f35bac6)

running 2 tests
test game::cleanup_trigger_tests::cleanup_ordinary_has_no_priority_and_terminal_stops_before_untap ... FAILED
test game::cleanup_trigger_tests::cleanup_pending_trigger_discards_expires_resolves_and_repeats ... FAILED

failures:

---- game::cleanup_trigger_tests::cleanup_ordinary_has_no_priority_and_terminal_stops_before_untap stdout ----

thread 'game::cleanup_trigger_tests::cleanup_ordinary_has_no_priority_and_terminal_stops_before_untap' (11) panicked at crates/mtg-core/src/cleanup_trigger_tests.rs:107:13:
assertion `left == right` failed: CR 704/104: terminal must precede subsequent turn work
  left: Upkeep
 right: Cleanup
note: run with `RUST_BACKTRACE=1` environment variable to display a backtrace

---- game::cleanup_trigger_tests::cleanup_pending_trigger_discards_expires_resolves_and_repeats stdout ----

thread 'game::cleanup_trigger_tests::cleanup_pending_trigger_discards_expires_resolves_and_repeats' (12) panicked at crates/mtg-core/src/cleanup_trigger_tests.rs:83:13:
assertion `left == right` failed: CR 514.3a: pending trigger must not escape into next upkeep
  left: Some((2, P1, Upkeep))
 right: Some((1, P0, Cleanup))


failures:
    game::cleanup_trigger_tests::cleanup_ordinary_has_no_priority_and_terminal_stops_before_untap
    game::cleanup_trigger_tests::cleanup_pending_trigger_discards_expires_resolves_and_repeats

test result: FAILED. 0 passed; 2 failed; 0 ignored; 0 measured; 265 filtered out; finished in 0.04s

error: test failed, to rerun pass `-p mtg-core --lib`
