   Compiling version_check v0.9.5
   Compiling proc-macro2 v1.0.107
   Compiling quote v1.0.47
   Compiling typenum v1.20.1
   Compiling generic-array v0.14.7
   Compiling unicode-ident v1.0.26
   Compiling libc v0.2.189
   Compiling serde_core v1.0.229
   Compiling zmij v1.0.23
   Compiling syn v3.0.6
   Compiling crypto-common v0.1.7
   Compiling block-buffer v0.10.4
   Compiling serde_json v1.0.151
   Compiling serde v1.0.229
   Compiling digest v0.10.7
   Compiling cpufeatures v0.2.17
   Compiling itoa v1.0.18
   Compiling memchr v2.8.3
   Compiling cfg-if v1.0.5
   Compiling sha2 v0.10.9
   Compiling serde_derive v1.0.229
   Compiling mtg-core v0.0.0 (/home/agent/.local/share/mtg-lab-symphony/workspaces/GH-206/crates/mtg-core)
    Finished `test` profile [unoptimized + debuginfo] target(s) in 7.10s
     Running unittests src/lib.rs (target/debug/deps/mtg_core-6a433e9b4f35bac6)

running 2 tests
test game::etb_trigger_tests::pyromancer_etb_requires_player_target_then_deals_two ... FAILED
test game::etb_trigger_tests::pyromancer_missing_creature_wrong_seat_stale_target_reject_without_mutation ... FAILED

failures:

---- game::etb_trigger_tests::pyromancer_etb_requires_player_target_then_deals_two stdout ----

thread 'game::etb_trigger_tests::pyromancer_etb_requires_player_target_then_deals_two' (629) panicked at crates/mtg-core/src/etb_trigger_tests.rs:24:5:
Pinned 1R Pyromancer must be castable: Err(IllegalSpell)

---- game::etb_trigger_tests::pyromancer_missing_creature_wrong_seat_stale_target_reject_without_mutation stdout ----

thread 'game::etb_trigger_tests::pyromancer_missing_creature_wrong_seat_stale_target_reject_without_mutation' (630) panicked at crates/mtg-core/src/etb_trigger_tests.rs:24:5:
Pinned 1R Pyromancer must be castable: Err(IllegalSpell)
note: run with `RUST_BACKTRACE=1` environment variable to display a backtrace


failures:
    game::etb_trigger_tests::pyromancer_etb_requires_player_target_then_deals_two
    game::etb_trigger_tests::pyromancer_missing_creature_wrong_seat_stale_target_reject_without_mutation

test result: FAILED. 0 passed; 2 failed; 0 ignored; 0 measured; 258 filtered out; finished in 0.00s

error: test failed, to rerun pass `-p mtg-core --lib`
