   Compiling version_check v0.9.5
   Compiling proc-macro2 v1.0.107
   Compiling unicode-ident v1.0.26
   Compiling quote v1.0.47
   Compiling typenum v1.20.1
   Compiling generic-array v0.14.7
   Compiling serde_core v1.0.229
   Compiling libc v0.2.189
   Compiling zmij v1.0.23
   Compiling syn v3.0.6
   Compiling block-buffer v0.10.4
   Compiling crypto-common v0.1.7
   Compiling serde_json v1.0.151
   Compiling serde v1.0.229
   Compiling cpufeatures v0.2.17
   Compiling digest v0.10.7
   Compiling memchr v2.8.3
   Compiling itoa v1.0.18
   Compiling cfg-if v1.0.5
   Compiling sha2 v0.10.9
   Compiling serde_derive v1.0.229
   Compiling mtg-core v0.0.0 (/home/agent/.local/share/mtg-lab-symphony/workspaces/GH-131/crates/mtg-core)
    Finished `test` profile [unoptimized + debuginfo] target(s) in 9.65s
     Running unittests src/lib.rs (target/debug/deps/mtg_core-6a433e9b4f35bac6)

running 2 tests
test game::cast_boundary_tests::cast_boundary_rejections_preserve_snapshot_rng_and_private_choices ... ok
test game::cast_boundary_tests::cast_boundary_restore_finish_or_cancel_at_every_target_and_payment_stage ... ok

test result: ok. 2 passed; 0 failed; 0 ignored; 0 measured; 170 filtered out; finished in 0.08s

     Running tests/budgets.rs (target/debug/deps/budgets-1af60af85809b2a9)

running 0 tests

test result: ok. 0 passed; 0 failed; 0 ignored; 0 measured; 18 filtered out; finished in 0.00s

     Running tests/capture.rs (target/debug/deps/capture-e8ead1ab1f252735)

running 1 test
cast-boundary played ledger SHA256 5c2c6791a1d695b10516331546b99df450d014fab067e35c7502ccb73262aeb2
test cast_boundary_normal_reset_history_and_capture_fingerprint ... ok

test result: ok. 1 passed; 0 failed; 0 ignored; 0 measured; 7 filtered out; finished in 27.03s

     Running tests/casting.rs (target/debug/deps/casting-39408b63c0a32ecb)

running 0 tests

test result: ok. 0 passed; 0 failed; 0 ignored; 0 measured; 1 filtered out; finished in 0.00s

     Running tests/combat.rs (target/debug/deps/combat-bb63530f24e1b777)

running 0 tests

test result: ok. 0 passed; 0 failed; 0 ignored; 0 measured; 1 filtered out; finished in 0.00s

     Running tests/core_integration.rs (target/debug/deps/core_integration-40a799f3d1fbc983)

running 0 tests

test result: ok. 0 passed; 0 failed; 0 ignored; 0 measured; 1 filtered out; finished in 0.00s

     Running tests/episode.rs (target/debug/deps/episode-df36124fe24826ec)

running 0 tests

test result: ok. 0 passed; 0 failed; 0 ignored; 0 measured; 7 filtered out; finished in 0.00s

     Running tests/mana.rs (target/debug/deps/mana-3ea8494fad3cefd6)

running 0 tests

test result: ok. 0 passed; 0 failed; 0 ignored; 0 measured; 6 filtered out; finished in 0.00s

     Running tests/module_paths.rs (target/debug/deps/module_paths-200f1c900b1b0ec0)

running 0 tests

test result: ok. 0 passed; 0 failed; 0 ignored; 0 measured; 1 filtered out; finished in 0.00s

     Running tests/mulligan.rs (target/debug/deps/mulligan-6a627dbc7f87ecd9)

running 0 tests

test result: ok. 0 passed; 0 failed; 0 ignored; 0 measured; 17 filtered out; finished in 0.00s

     Running tests/objects.rs (target/debug/deps/objects-1dd9225411e06106)

running 0 tests

test result: ok. 0 passed; 0 failed; 0 ignored; 0 measured; 4 filtered out; finished in 0.00s

     Running tests/opening.rs (target/debug/deps/opening-2fc5e170a27194bb)

running 0 tests

test result: ok. 0 passed; 0 failed; 0 ignored; 0 measured; 4 filtered out; finished in 0.00s

     Running tests/played_replay.rs (target/debug/deps/played_replay-844c5098c43f1a90)

running 0 tests

test result: ok. 0 passed; 0 failed; 0 ignored; 0 measured; 4 filtered out; finished in 0.00s

     Running tests/quantum.rs (target/debug/deps/quantum-93b5d15e842a4e4c)

running 0 tests

test result: ok. 0 passed; 0 failed; 0 ignored; 0 measured; 4 filtered out; finished in 0.00s

     Running tests/replay.rs (target/debug/deps/replay-0f13caf1c5012784)

running 0 tests

test result: ok. 0 passed; 0 failed; 0 ignored; 0 measured; 10 filtered out; finished in 0.00s

     Running tests/rng.rs (target/debug/deps/rng-8f4f3307455ec009)

running 0 tests

test result: ok. 0 passed; 0 failed; 0 ignored; 0 measured; 3 filtered out; finished in 0.00s

     Running tests/semantic_input.rs (target/debug/deps/semantic_input-b4bc604bc6609a5b)

running 0 tests

test result: ok. 0 passed; 0 failed; 0 ignored; 0 measured; 5 filtered out; finished in 0.00s

     Running tests/snapshot.rs (target/debug/deps/snapshot-97bc1a0550947af5)

running 0 tests

test result: ok. 0 passed; 0 failed; 0 ignored; 0 measured; 11 filtered out; finished in 0.00s

     Running tests/targets.rs (target/debug/deps/targets-d456e61f74043ac8)

running 0 tests

test result: ok. 0 passed; 0 failed; 0 ignored; 0 measured; 1 filtered out; finished in 0.00s

     Running tests/terminal.rs (target/debug/deps/terminal-c8dd012c804717b9)

running 0 tests

test result: ok. 0 passed; 0 failed; 0 ignored; 0 measured; 3 filtered out; finished in 0.00s

     Running tests/turns.rs (target/debug/deps/turns-1eb9a7df1fbd41ba)

running 0 tests

test result: ok. 0 passed; 0 failed; 0 ignored; 0 measured; 5 filtered out; finished in 0.00s

     Running tests/views.rs (target/debug/deps/views-5d6ad7d558b65654)

running 0 tests

test result: ok. 0 passed; 0 failed; 0 ignored; 0 measured; 3 filtered out; finished in 0.00s

