   Compiling mtg-core v0.0.0 (/home/agent/.local/share/mtg-lab-symphony/workspaces/GH-132/crates/mtg-core)
    Finished `test` profile [unoptimized + debuginfo] target(s) in 5.96s
     Running unittests src/lib.rs (target/debug/deps/mtg_core-6a433e9b4f35bac6)

running 4 tests
test game::card_definition_tests::card_definitions_unknown_and_corrupt_identity_rejection ... ok
test game::card_definition_tests::card_definitions_fixture_characteristics_do_not_enable_sentry ... ok
test game::card_definition_tests::card_definitions_six_card_manifest_and_public_candidates ... ok
test game::card_definition_tests::card_definitions_every_other_frozen_identity_rejects_play_without_mutation ... ok

test result: ok. 4 passed; 0 failed; 0 ignored; 0 measured; 172 filtered out; finished in 0.04s

     Running tests/budgets.rs (target/debug/deps/budgets-1af60af85809b2a9)

running 0 tests

test result: ok. 0 passed; 0 failed; 0 ignored; 0 measured; 18 filtered out; finished in 0.00s

     Running tests/capture.rs (target/debug/deps/capture-e8ead1ab1f252735)

running 0 tests

test result: ok. 0 passed; 0 failed; 0 ignored; 0 measured; 8 filtered out; finished in 0.00s

     Running tests/casting.rs (target/debug/deps/casting-39408b63c0a32ecb)

running 0 tests

test result: ok. 0 passed; 0 failed; 0 ignored; 0 measured; 1 filtered out; finished in 0.00s

     Running tests/combat.rs (target/debug/deps/combat-bb63530f24e1b777)

running 0 tests

test result: ok. 0 passed; 0 failed; 0 ignored; 0 measured; 1 filtered out; finished in 0.00s

     Running tests/core_integration.rs (target/debug/deps/core_integration-40a799f3d1fbc983)

running 0 tests

test result: ok. 0 passed; 0 failed; 0 ignored; 0 measured; 1 filtered out; finished in 0.00s

     Running tests/episode.rs (target/debug/deps/episode-df36124fe24826ec)

running 0 tests

test result: ok. 0 passed; 0 failed; 0 ignored; 0 measured; 7 filtered out; finished in 0.00s

     Running tests/mana.rs (target/debug/deps/mana-3ea8494fad3cefd6)

running 0 tests

test result: ok. 0 passed; 0 failed; 0 ignored; 0 measured; 6 filtered out; finished in 0.00s

     Running tests/module_paths.rs (target/debug/deps/module_paths-200f1c900b1b0ec0)

running 0 tests

test result: ok. 0 passed; 0 failed; 0 ignored; 0 measured; 1 filtered out; finished in 0.00s

     Running tests/mulligan.rs (target/debug/deps/mulligan-6a627dbc7f87ecd9)

running 0 tests

test result: ok. 0 passed; 0 failed; 0 ignored; 0 measured; 17 filtered out; finished in 0.00s

     Running tests/objects.rs (target/debug/deps/objects-1dd9225411e06106)

running 0 tests

test result: ok. 0 passed; 0 failed; 0 ignored; 0 measured; 4 filtered out; finished in 0.00s

     Running tests/opening.rs (target/debug/deps/opening-2fc5e170a27194bb)

running 0 tests

test result: ok. 0 passed; 0 failed; 0 ignored; 0 measured; 4 filtered out; finished in 0.00s

     Running tests/played_replay.rs (target/debug/deps/played_replay-844c5098c43f1a90)

running 0 tests

test result: ok. 0 passed; 0 failed; 0 ignored; 0 measured; 4 filtered out; finished in 0.00s

     Running tests/quantum.rs (target/debug/deps/quantum-93b5d15e842a4e4c)

running 0 tests

test result: ok. 0 passed; 0 failed; 0 ignored; 0 measured; 4 filtered out; finished in 0.00s

     Running tests/replay.rs (target/debug/deps/replay-0f13caf1c5012784)

running 0 tests

test result: ok. 0 passed; 0 failed; 0 ignored; 0 measured; 10 filtered out; finished in 0.00s

     Running tests/rng.rs (target/debug/deps/rng-8f4f3307455ec009)

running 0 tests

test result: ok. 0 passed; 0 failed; 0 ignored; 0 measured; 3 filtered out; finished in 0.00s

     Running tests/semantic_input.rs (target/debug/deps/semantic_input-b4bc604bc6609a5b)

running 0 tests

test result: ok. 0 passed; 0 failed; 0 ignored; 0 measured; 5 filtered out; finished in 0.00s

     Running tests/snapshot.rs (target/debug/deps/snapshot-97bc1a0550947af5)

running 0 tests

test result: ok. 0 passed; 0 failed; 0 ignored; 0 measured; 11 filtered out; finished in 0.00s

     Running tests/targets.rs (target/debug/deps/targets-d456e61f74043ac8)

running 0 tests

test result: ok. 0 passed; 0 failed; 0 ignored; 0 measured; 1 filtered out; finished in 0.00s

     Running tests/terminal.rs (target/debug/deps/terminal-c8dd012c804717b9)

running 0 tests

test result: ok. 0 passed; 0 failed; 0 ignored; 0 measured; 3 filtered out; finished in 0.00s

     Running tests/turns.rs (target/debug/deps/turns-1eb9a7df1fbd41ba)

running 0 tests

test result: ok. 0 passed; 0 failed; 0 ignored; 0 measured; 5 filtered out; finished in 0.00s

     Running tests/views.rs (target/debug/deps/views-5d6ad7d558b65654)

running 0 tests

test result: ok. 0 passed; 0 failed; 0 ignored; 0 measured; 3 filtered out; finished in 0.00s

