Symphony resource lock: waiting for heavy (0s elapsed)
Symphony resource lock: waiting for heavy (30s elapsed)
Symphony resource lock: waiting for heavy (60s elapsed)
Symphony resource lock: waiting for heavy (90s elapsed)
Symphony resource lock: waiting for heavy (120s elapsed)
Symphony resource lock: waiting for heavy (150s elapsed)
Symphony resource lock: waiting for heavy (180s elapsed)
Symphony resource lock: waiting for heavy (210s elapsed)
Symphony resource lock: waiting for heavy (240s elapsed)
Symphony resource lock: waiting for heavy (271s elapsed)
Symphony resource lock: waiting for heavy (301s elapsed)
Symphony resource lock: waiting for heavy (331s elapsed)
Symphony resource lock: waiting for heavy (361s elapsed)
Symphony resource lock: waiting for heavy (391s elapsed)
Symphony resource lock: waiting for heavy (421s elapsed)
Symphony resource lock: waiting for heavy (451s elapsed)
Symphony resource lock: waiting for heavy (481s elapsed)
Symphony resource lock: waiting for heavy (511s elapsed)
Symphony resource lock: waiting for heavy (541s elapsed)
Symphony resource lock: waiting for heavy (571s elapsed)
Symphony resource lock: waiting for heavy (601s elapsed)
Symphony resource lock: waiting for heavy (631s elapsed)
Symphony resource lock: waiting for heavy (661s elapsed)
Symphony resource lock: waiting for heavy (691s elapsed)
Symphony resource lock: waiting for heavy (721s elapsed)
Symphony resource lock: waiting for heavy (751s elapsed)
Symphony resource lock: waiting for heavy (781s elapsed)
Symphony resource lock: waiting for heavy (811s elapsed)
Symphony resource lock: waiting for heavy (841s elapsed)
Symphony resource lock: waiting for heavy (871s elapsed)
Symphony resource lock: waiting for heavy (901s elapsed)
Symphony resource lock: waiting for heavy (932s elapsed)
Symphony resource lock: waiting for heavy (962s elapsed)
Symphony resource lock: waiting for heavy (992s elapsed)
Symphony resource lock: waiting for heavy (1022s elapsed)
Symphony resource lock: waiting for heavy (1052s elapsed)
Symphony resource lock: waiting for heavy (1082s elapsed)
Symphony resource lock: waiting for heavy (1112s elapsed)
Symphony resource lock: waiting for heavy (1142s elapsed)
Symphony resource lock: waiting for heavy (1172s elapsed)
Symphony resource lock: waiting for heavy (1202s elapsed)
Symphony resource lock: waiting for heavy (1232s elapsed)
Symphony resource lock: waiting for heavy (1262s elapsed)
Symphony resource lock: waiting for heavy (1292s elapsed)
Symphony resource lock: waiting for heavy (1322s elapsed)
Symphony resource lock: waiting for heavy (1352s elapsed)
Symphony resource lock: waiting for heavy (1382s elapsed)
Symphony resource lock: waiting for heavy (1413s elapsed)
Symphony resource lock: waiting for heavy (1443s elapsed)
Symphony resource lock: waiting for heavy (1473s elapsed)
Symphony resource lock: waiting for heavy (1503s elapsed)
Symphony resource lock: waiting for heavy (1533s elapsed)
Symphony resource lock: waiting for heavy (1563s elapsed)
Symphony resource lock: waiting for heavy (1593s elapsed)
Symphony resource lock: waiting for heavy (1623s elapsed)
Symphony resource lock: waiting for heavy (1653s elapsed)
Symphony resource lock: waiting for heavy (1683s elapsed)
Symphony resource lock: waiting for heavy (1713s elapsed)
Symphony resource lock: waiting for heavy (1743s elapsed)
Symphony resource lock: waiting for heavy (1773s elapsed)
Symphony resource lock: waiting for heavy (1803s elapsed)
Symphony resource lock: waiting for heavy (1833s elapsed)
Symphony resource lock: waiting for heavy (1863s elapsed)
Symphony resource lock: waiting for heavy (1893s elapsed)
Symphony resource lock: waiting for heavy (1923s elapsed)
Symphony resource lock: waiting for heavy (1953s elapsed)
Symphony resource lock: waiting for heavy (1984s elapsed)
Symphony resource lock: waiting for heavy (2014s elapsed)
Symphony resource lock: waiting for heavy (2044s elapsed)
Symphony resource lock: waiting for heavy (2074s elapsed)
Symphony resource lock: waiting for heavy (2104s elapsed)
Symphony resource lock: waiting for heavy (2134s elapsed)
Symphony resource lock: waiting for heavy (2164s elapsed)
Symphony resource lock: waiting for heavy (2194s elapsed)
Symphony resource lock: acquired heavy after waiting
32 real London opening prefixes agreed; exact ledgers, repeats and strict negative controls passed.
32 real London opening prefixes agreed; exact ledgers, repeats and strict negative controls passed.
Six real played prefixes agreed; explicit choices, repeats, strict continuation and negative controls passed.
Six real played prefixes agreed; explicit choices, repeats, strict continuation and negative controls passed.
Six actual played spell prefixes, repeats, strict invalid tapes and comparator controls passed.
Six actual played spell prefixes, repeats, strict invalid tapes and comparator controls passed.
Actual played activation prefixes, repeats, cancellations, invalid tapes and comparator controls passed.
Actual played activation prefixes, repeats, cancellations, invalid tapes and comparator controls passed.
Three actual played trigger prefixes, repeats, strict negatives and comparator controls passed.
Three actual played trigger prefixes, repeats, strict negatives and comparator controls passed.
