Picked up JAVA_TOOL_OPTIONS: -Djava.awt.headless=true -Duser.home=/tmp/mtg-forge/home
[INFO] Scanning for projects...
[INFO] ------------------------------------------------------------------------
[INFO] Reactor Build Order:
[INFO] 
[INFO] Forge Parent                                                       [pom]
[INFO] Forge Core                                                         [jar]
[INFO] Forge Game                                                         [jar]
[INFO] Forge AI                                                           [jar]
[INFO] Forge Gui                                                          [jar]
[INFO] Forge                                                              [jar]
[INFO] 
[INFO] ----------------------------< forge:forge >-----------------------------
[INFO] Building Forge Parent 2.0.15-SNAPSHOT                              [1/6]
[INFO]   from pom.xml
[INFO] --------------------------------[ pom ]---------------------------------
[INFO] 
[INFO] --- enforcer:3.3.0:enforce (enforce-versions) @ forge ---
[INFO] Rule 0: org.apache.maven.enforcer.rules.version.RequireMavenVersion passed
[INFO] Rule 1: org.apache.maven.enforcer.rules.version.RequireJavaVersion passed
[INFO] Rule 2: org.apache.maven.enforcer.rules.RequirePluginVersions passed
[INFO] 
[INFO] --- checkstyle:3.1.2:check (checkstyle-validation) @ forge ---
[INFO] Starting audit...
Audit done.
[INFO] You have 0 Checkstyle violations.
[INFO] 
[INFO] --------------------------< forge:forge-core >--------------------------
[INFO] Building Forge Core 2.0.15-SNAPSHOT                                [2/6]
[INFO]   from forge-core/pom.xml
[INFO] --------------------------------[ jar ]---------------------------------
[INFO] 
[INFO] --- enforcer:3.3.0:enforce (enforce-versions) @ forge-core ---
[INFO] Rule 2: org.apache.maven.enforcer.rules.RequirePluginVersions passed
[INFO] 
[INFO] --- checkstyle:3.1.2:check (checkstyle-validation) @ forge-core ---
[INFO] Starting audit...
Audit done.
[INFO] You have 0 Checkstyle violations.
[INFO] 
[INFO] --- resources:3.3.1:resources (default-resources) @ forge-core ---
[INFO] skip non existing resourceDirectory /tmp/mtg-forge/forge-95dc682bf92460f49cebd7a9578f06ccf60d5569/forge-core/src/main/resources
[INFO] 
[INFO] --- compiler:3.8.1:compile (default-compile) @ forge-core ---
[INFO] Changes detected - recompiling the module!
[INFO] Compiling 152 source files to /tmp/mtg-forge/forge-95dc682bf92460f49cebd7a9578f06ccf60d5569/forge-core/target/classes
[INFO] /tmp/mtg-forge/forge-95dc682bf92460f49cebd7a9578f06ccf60d5569/forge-core/src/main/java/forge/card/CardRules.java: Some input files use or override a deprecated API.
[INFO] /tmp/mtg-forge/forge-95dc682bf92460f49cebd7a9578f06ccf60d5569/forge-core/src/main/java/forge/card/CardRules.java: Recompile with -Xlint:deprecation for details.
[INFO] /tmp/mtg-forge/forge-95dc682bf92460f49cebd7a9578f06ccf60d5569/forge-core/src/main/java/forge/util/BagRandomizer.java: Some input files use unchecked or unsafe operations.
[INFO] /tmp/mtg-forge/forge-95dc682bf92460f49cebd7a9578f06ccf60d5569/forge-core/src/main/java/forge/util/BagRandomizer.java: Recompile with -Xlint:unchecked for details.
[INFO] 
[INFO] --- resources:3.3.1:testResources (default-testResources) @ forge-core ---
[INFO] skip non existing resourceDirectory /tmp/mtg-forge/forge-95dc682bf92460f49cebd7a9578f06ccf60d5569/forge-core/src/test/resources
[INFO] 
[INFO] --- compiler:3.8.1:testCompile (default-testCompile) @ forge-core ---
[INFO] No sources to compile
[INFO] 
[INFO] --- surefire:3.1.2:test (default-test) @ forge-core ---
[INFO] No tests to run.
[INFO] 
[INFO] --------------------------< forge:forge-game >--------------------------
[INFO] Building Forge Game 2.0.15-SNAPSHOT                                [3/6]
[INFO]   from forge-game/pom.xml
[INFO] --------------------------------[ jar ]---------------------------------
[INFO] 
[INFO] --- enforcer:3.3.0:enforce (enforce-versions) @ forge-game ---
[INFO] Rule 2: org.apache.maven.enforcer.rules.RequirePluginVersions passed
[INFO] 
[INFO] --- checkstyle:3.1.2:check (checkstyle-validation) @ forge-game ---
[INFO] Starting audit...
Audit done.
[INFO] You have 0 Checkstyle violations.
[INFO] 
[INFO] --- resources:3.3.1:resources (default-resources) @ forge-game ---
[INFO] skip non existing resourceDirectory /tmp/mtg-forge/forge-95dc682bf92460f49cebd7a9578f06ccf60d5569/forge-game/src/main/resources
[INFO] 
[INFO] --- compiler:3.8.1:compile (default-compile) @ forge-game ---
[INFO] Changes detected - recompiling the module!
[INFO] Compiling 811 source files to /tmp/mtg-forge/forge-95dc682bf92460f49cebd7a9578f06ccf60d5569/forge-game/target/classes
[INFO] /tmp/mtg-forge/forge-95dc682bf92460f49cebd7a9578f06ccf60d5569/forge-game/src/main/java/forge/game/GameLog.java: Some input files use or override a deprecated API.
[INFO] /tmp/mtg-forge/forge-95dc682bf92460f49cebd7a9578f06ccf60d5569/forge-game/src/main/java/forge/game/GameLog.java: Recompile with -Xlint:deprecation for details.
[INFO] /tmp/mtg-forge/forge-95dc682bf92460f49cebd7a9578f06ccf60d5569/forge-game/src/main/java/forge/trackable/TrackableObject.java: Some input files use unchecked or unsafe operations.
[INFO] /tmp/mtg-forge/forge-95dc682bf92460f49cebd7a9578f06ccf60d5569/forge-game/src/main/java/forge/trackable/TrackableObject.java: Recompile with -Xlint:unchecked for details.
[INFO] 
[INFO] --- resources:3.3.1:testResources (default-testResources) @ forge-game ---
[INFO] skip non existing resourceDirectory /tmp/mtg-forge/forge-95dc682bf92460f49cebd7a9578f06ccf60d5569/forge-game/src/test/resources
[INFO] 
[INFO] --- compiler:3.8.1:testCompile (default-testCompile) @ forge-game ---
[INFO] Changes detected - recompiling the module!
[INFO] Compiling 2 source files to /tmp/mtg-forge/forge-95dc682bf92460f49cebd7a9578f06ccf60d5569/forge-game/target/test-classes
[INFO] 
[INFO] --- surefire:3.1.2:test (default-test) @ forge-game ---
[INFO] 
[INFO] ---------------------------< forge:forge-ai >---------------------------
[INFO] Building Forge AI 2.0.15-SNAPSHOT                                  [4/6]
[INFO]   from forge-ai/pom.xml
[INFO] --------------------------------[ jar ]---------------------------------
[INFO] 
[INFO] --- enforcer:3.3.0:enforce (enforce-versions) @ forge-ai ---
[INFO] Rule 2: org.apache.maven.enforcer.rules.RequirePluginVersions passed
[INFO] 
[INFO] --- checkstyle:3.1.2:check (checkstyle-validation) @ forge-ai ---
[INFO] Starting audit...
Audit done.
[INFO] You have 0 Checkstyle violations.
[INFO] 
[INFO] --- resources:3.3.1:resources (default-resources) @ forge-ai ---
[INFO] skip non existing resourceDirectory /tmp/mtg-forge/forge-95dc682bf92460f49cebd7a9578f06ccf60d5569/forge-ai/src/main/resources
[INFO] 
[INFO] --- compiler:3.8.1:compile (default-compile) @ forge-ai ---
[INFO] Changes detected - recompiling the module!
[INFO] Compiling 191 source files to /tmp/mtg-forge/forge-95dc682bf92460f49cebd7a9578f06ccf60d5569/forge-ai/target/classes
[INFO] /tmp/mtg-forge/forge-95dc682bf92460f49cebd7a9578f06ccf60d5569/forge-ai/src/main/java/forge/ai/ability/PermanentCreatureAi.java: Some input files use or override a deprecated API.
[INFO] /tmp/mtg-forge/forge-95dc682bf92460f49cebd7a9578f06ccf60d5569/forge-ai/src/main/java/forge/ai/ability/PermanentCreatureAi.java: Recompile with -Xlint:deprecation for details.
[INFO] /tmp/mtg-forge/forge-95dc682bf92460f49cebd7a9578f06ccf60d5569/forge-ai/src/main/java/forge/ai/simulation/GameCopier.java: Some input files use unchecked or unsafe operations.
[INFO] /tmp/mtg-forge/forge-95dc682bf92460f49cebd7a9578f06ccf60d5569/forge-ai/src/main/java/forge/ai/simulation/GameCopier.java: Recompile with -Xlint:unchecked for details.
[INFO] 
[INFO] --- resources:3.3.1:testResources (default-testResources) @ forge-ai ---
[INFO] skip non existing resourceDirectory /tmp/mtg-forge/forge-95dc682bf92460f49cebd7a9578f06ccf60d5569/forge-ai/src/test/resources
[INFO] 
[INFO] --- compiler:3.8.1:testCompile (default-testCompile) @ forge-ai ---
[INFO] No sources to compile
[INFO] 
[INFO] --- surefire:3.1.2:test (default-test) @ forge-ai ---
[INFO] No tests to run.
[INFO] 
[INFO] --------------------------< forge:forge-gui >---------------------------
[INFO] Building Forge Gui 2.0.15-SNAPSHOT                                 [5/6]
[INFO]   from forge-gui/pom.xml
[INFO] --------------------------------[ jar ]---------------------------------
[INFO] 
[INFO] --- enforcer:3.3.0:enforce (enforce-versions) @ forge-gui ---
[INFO] Rule 2: org.apache.maven.enforcer.rules.RequirePluginVersions passed
[INFO] 
[INFO] --- checkstyle:3.1.2:check (checkstyle-validation) @ forge-gui ---
[INFO] Starting audit...
Audit done.
[INFO] You have 0 Checkstyle violations.
[INFO] 
[INFO] --- resources:3.3.1:resources (default-resources) @ forge-gui ---
[INFO] Copying 3 resources from src/main/resources to target/classes
[INFO] 
[INFO] --- compiler:3.8.1:compile (default-compile) @ forge-gui ---
[INFO] Changes detected - recompiling the module!
[INFO] Compiling 445 source files to /tmp/mtg-forge/forge-95dc682bf92460f49cebd7a9578f06ccf60d5569/forge-gui/target/classes
[INFO] /tmp/mtg-forge/forge-95dc682bf92460f49cebd7a9578f06ccf60d5569/forge-gui/src/main/java/forge/gamemodes/quest/QuestUtilCards.java: Some input files use or override a deprecated API.
[INFO] /tmp/mtg-forge/forge-95dc682bf92460f49cebd7a9578f06ccf60d5569/forge-gui/src/main/java/forge/gamemodes/quest/QuestUtilCards.java: Recompile with -Xlint:deprecation for details.
[INFO] /tmp/mtg-forge/forge-95dc682bf92460f49cebd7a9578f06ccf60d5569/forge-gui/src/main/java/forge/gamemodes/net/NetworkGuiGame.java: Some input files use unchecked or unsafe operations.
[INFO] /tmp/mtg-forge/forge-95dc682bf92460f49cebd7a9578f06ccf60d5569/forge-gui/src/main/java/forge/gamemodes/net/NetworkGuiGame.java: Recompile with -Xlint:unchecked for details.
[INFO] 
[INFO] --- resources:3.3.1:testResources (default-testResources) @ forge-gui ---
[INFO] skip non existing resourceDirectory /tmp/mtg-forge/forge-95dc682bf92460f49cebd7a9578f06ccf60d5569/forge-gui/src/test/resources
[INFO] 
[INFO] --- compiler:3.8.1:testCompile (default-testCompile) @ forge-gui ---
[INFO] No sources to compile
[INFO] 
[INFO] --- surefire:3.1.2:test (default-test) @ forge-gui ---
[INFO] No tests to run.
[INFO] 
[INFO] ----------------------< forge:forge-gui-desktop >-----------------------
[INFO] Building Forge 2.0.15-SNAPSHOT                                     [6/6]
[INFO]   from forge-gui-desktop/pom.xml
[INFO] --------------------------------[ jar ]---------------------------------
[INFO] 
[INFO] --- enforcer:3.3.0:enforce (enforce-versions) @ forge-gui-desktop ---
[INFO] Rule 2: org.apache.maven.enforcer.rules.RequirePluginVersions passed
[INFO] 
[INFO] --- checkstyle:3.1.2:check (checkstyle-validation) @ forge-gui-desktop ---
[INFO] Starting audit...
Audit done.
[INFO] You have 0 Checkstyle violations.
[INFO] 
[INFO] --- build-helper:3.6.0:released-version (released-version) @ forge-gui-desktop ---
[INFO] 
[INFO] --- build-helper:3.6.0:parse-version (parse-version) @ forge-gui-desktop ---
[INFO] 
[INFO] --- build-helper:3.6.0:timestamp-property (timestamp-property) @ forge-gui-desktop ---
[WARNING] Using platform locale (en_US actually) to format date/time, i.e. build is platform dependent!
[INFO] 
[INFO] --- build-helper:3.6.0:regex-property (regex-property) @ forge-gui-desktop ---
[INFO] 
[INFO] --- groovy:2.1.1:execute (get-changelog-from-tag) @ forge-gui-desktop ---
WARNING: No forge- tags found. CHANGES.txt will be empty.
[INFO] 
[INFO] --- resources:3.3.1:resources (default-resources) @ forge-gui-desktop ---
[INFO] Copying 2 resources from filters to target/classes
[INFO] 
[INFO] --- compiler:3.8.1:compile (default-compile) @ forge-gui-desktop ---
[INFO] Changes detected - recompiling the module!
[INFO] Compiling 408 source files to /tmp/mtg-forge/forge-95dc682bf92460f49cebd7a9578f06ccf60d5569/forge-gui-desktop/target/classes
[INFO] /tmp/mtg-forge/forge-95dc682bf92460f49cebd7a9578f06ccf60d5569/forge-gui-desktop/src/main/java/forge/itemmanager/ItemManager.java: Some input files use or override a deprecated API.
[INFO] /tmp/mtg-forge/forge-95dc682bf92460f49cebd7a9578f06ccf60d5569/forge-gui-desktop/src/main/java/forge/itemmanager/ItemManager.java: Recompile with -Xlint:deprecation for details.
[INFO] /tmp/mtg-forge/forge-95dc682bf92460f49cebd7a9578f06ccf60d5569/forge-gui-desktop/src/main/java/forge/itemmanager/ItemManager.java: Some input files use unchecked or unsafe operations.
[INFO] /tmp/mtg-forge/forge-95dc682bf92460f49cebd7a9578f06ccf60d5569/forge-gui-desktop/src/main/java/forge/itemmanager/ItemManager.java: Recompile with -Xlint:unchecked for details.
[INFO] 
[INFO] --- resources:3.3.1:testResources (default-testResources) @ forge-gui-desktop ---
[INFO] skip non existing resourceDirectory /tmp/mtg-forge/forge-95dc682bf92460f49cebd7a9578f06ccf60d5569/forge-gui-desktop/src/test/resources
[INFO] 
[INFO] --- compiler:3.8.1:testCompile (default-testCompile) @ forge-gui-desktop ---
[INFO] Changes detected - recompiling the module!
[INFO] Compiling 122 source files to /tmp/mtg-forge/forge-95dc682bf92460f49cebd7a9578f06ccf60d5569/forge-gui-desktop/target/test-classes
[INFO] /tmp/mtg-forge/forge-95dc682bf92460f49cebd7a9578f06ccf60d5569/forge-gui-desktop/src/test/java/forge/gamemodes/net/WireDeserializationTest.java: /tmp/mtg-forge/forge-95dc682bf92460f49cebd7a9578f06ccf60d5569/forge-gui-desktop/src/test/java/forge/gamemodes/net/WireDeserializationTest.java uses or overrides a deprecated API.
[INFO] /tmp/mtg-forge/forge-95dc682bf92460f49cebd7a9578f06ccf60d5569/forge-gui-desktop/src/test/java/forge/gamemodes/net/WireDeserializationTest.java: Recompile with -Xlint:deprecation for details.
[INFO] /tmp/mtg-forge/forge-95dc682bf92460f49cebd7a9578f06ccf60d5569/forge-gui-desktop/src/test/java/forge/card/CardDbCardMockTestCase.java: /tmp/mtg-forge/forge-95dc682bf92460f49cebd7a9578f06ccf60d5569/forge-gui-desktop/src/test/java/forge/card/CardDbCardMockTestCase.java uses unchecked or unsafe operations.
[INFO] /tmp/mtg-forge/forge-95dc682bf92460f49cebd7a9578f06ccf60d5569/forge-gui-desktop/src/test/java/forge/card/CardDbCardMockTestCase.java: Recompile with -Xlint:unchecked for details.
[INFO] 
[INFO] --- surefire:3.1.2:test (default-test) @ forge-gui-desktop ---
[INFO] Using auto detected provider org.apache.maven.surefire.testng.TestNGProvider
[INFO] 
[INFO] -------------------------------------------------------
[INFO]  T E S T S
[INFO] -------------------------------------------------------
Picked up JAVA_TOOL_OPTIONS: -Djava.awt.headless=true -Duser.home=/tmp/mtg-forge/home
[INFO] Running forge.gamesimulationtests.mtglab.NeutralSmokeTest
Mockito is currently self-attaching to enable the inline-mock-maker. This will no longer work in future releases of the JDK. Please add Mockito as an agent to your build what is described in Mockito's documentation: https://javadoc.io/doc/org.mockito/mockito-core/latest/org/mockito/Mockito.html#0.3
OpenJDK 64-Bit Server VM warning: Sharing is only supported for boot loader classes because bootstrap classpath has been appended
WARNING: A Java agent has been loaded dynamically (/tmp/mtg-forge/m2/net/bytebuddy/byte-buddy-agent/1.18.14/byte-buddy-agent-1.18.14.jar)
WARNING: If a serviceability tool is in use, please run with -XX:+EnableDynamicAgentLoading to hide this warning
WARNING: If a serviceability tool is not in use, please run with -Djdk.instrument.traceUsage for more information
WARNING: Dynamic loading of agents will be disallowed by default in a future release
(ThreadUtil first call): Running with priority 5
Read cards: 33980 files in 0 ms (25 parts) using thread pool
Upcoming set Star Trek (TRK) dated in the future. All `upcoming` cards will be added to this set with unknown rarity.
The card A-Alrund's Epiphany was not assigned to any set. Adding it to UNKNOWN set... to fix see res/editions/ folder. 
The card A-Baba Lysaga, Night Witch was not assigned to any set. Adding it to UNKNOWN set... to fix see res/editions/ folder. 
The card A-Divide by Zero was not assigned to any set. Adding it to UNKNOWN set... to fix see res/editions/ folder. 
The card A-Esika's Chariot was not assigned to any set. Adding it to UNKNOWN set... to fix see res/editions/ folder. 
The card A-Faceless Haven was not assigned to any set. Adding it to UNKNOWN set... to fix see res/editions/ folder. 
The card A-Fires of Invention was not assigned to any set. Adding it to UNKNOWN set... to fix see res/editions/ folder. 
The card A-Goldspan Dragon was not assigned to any set. Adding it to UNKNOWN set... to fix see res/editions/ folder. 
The card A-Hullbreaker Horror was not assigned to any set. Adding it to UNKNOWN set... to fix see res/editions/ folder. 
The card A-Kumano Faces Kakkazan was not assigned to any set. Adding it to UNKNOWN set... to fix see res/editions/ folder. 
The card A-Luminarch Aspirant was not assigned to any set. Adding it to UNKNOWN set... to fix see res/editions/ folder. 
The card A-Monster Manual was not assigned to any set. Adding it to UNKNOWN set... to fix see res/editions/ folder. 
The card A-Omnath, Locus of Creation was not assigned to any set. Adding it to UNKNOWN set... to fix see res/editions/ folder. 
The card A-The Meathook Massacre was not assigned to any set. Adding it to UNKNOWN set... to fix see res/editions/ folder. 
The card A-Unholy Heat was not assigned to any set. Adding it to UNKNOWN set... to fix see res/editions/ folder. 
The card Blinding Radiance was not assigned to any set. Adding it to UNKNOWN set... to fix see res/editions/ folder. 
The card Goblin Bruiser was not assigned to any set. Adding it to UNKNOWN set... to fix see res/editions/ folder. 
The card Ogre Painbringer was not assigned to any set. Adding it to UNKNOWN set... to fix see res/editions/ folder. 
The card Titanic Pelagosaur was not assigned to any set. Adding it to UNKNOWN set... to fix see res/editions/ folder. 
The card Treetop Recluse was not assigned to any set. Adding it to UNKNOWN set... to fix see res/editions/ folder. 
Upcoming set Star Trek (TRK) dated in the future. All `upcoming` cards will be added to this set with unknown rarity.
Read cards: 854 files in 0 ms (8 parts) using thread pool
[INFO] Tests run: 1, Failures: 0, Errors: 0, Skipped: 0, Time elapsed: 5.046 s -- in forge.gamesimulationtests.mtglab.NeutralSmokeTest
[INFO] 
[INFO] Results:
[INFO] 
[INFO] Tests run: 1, Failures: 0, Errors: 0, Skipped: 0
[INFO] 
[INFO] ------------------------------------------------------------------------
[INFO] Reactor Summary for Forge Parent 2.0.15-SNAPSHOT:
[INFO] 
[INFO] Forge Parent ....................................... SUCCESS [  0.955 s]
[INFO] Forge Core ......................................... SUCCESS [  3.699 s]
[INFO] Forge Game ......................................... SUCCESS [  4.640 s]
[INFO] Forge AI ........................................... SUCCESS [  1.604 s]
[INFO] Forge Gui .......................................... SUCCESS [  2.531 s]
[INFO] Forge .............................................. SUCCESS [ 10.761 s]
[INFO] ------------------------------------------------------------------------
[INFO] BUILD SUCCESS
[INFO] ------------------------------------------------------------------------
[INFO] Total time:  24.470 s
[INFO] Finished at: 2026-10-02T00:31:00Z
[INFO] ------------------------------------------------------------------------
