   Compiling version_check v0.9.5
   Compiling proc-macro2 v1.0.107
   Compiling unicode-ident v1.0.26
   Compiling typenum v1.20.1
   Compiling quote v1.0.47
   Compiling generic-array v0.14.7
   Compiling libc v0.2.189
   Compiling serde_core v1.0.229
   Compiling zmij v1.0.23
   Compiling block-buffer v0.10.4
   Compiling crypto-common v0.1.7
   Compiling syn v3.0.6
   Compiling serde_json v1.0.151
   Compiling serde v1.0.229
   Compiling digest v0.10.7
   Compiling cpufeatures v0.2.17
   Compiling cfg-if v1.0.5
   Compiling memchr v2.8.3
   Compiling itoa v1.0.18
   Compiling sha2 v0.10.9
   Compiling serde_derive v1.0.229
   Compiling mtg-core v0.0.0 (/home/agent/.local/share/mtg-lab-symphony/workspaces/GH-195/crates/mtg-core)
    Finished `test` profile [unoptimized + debuginfo] target(s) in 10.57s
     Running unittests src/lib.rs (target/debug/deps/mtg_core-6a433e9b4f35bac6)

running 2 tests

thread 'game::casting::tests::creature_mana_staged_cancel_and_commit_are_atomic' (2585) panicked at crates/mtg-core/src/casting_tests.rs:46:5:
CR 601: payable vanilla creature must be offered
note: run with `RUST_BACKTRACE=1` environment variable to display a backtrace
test game::casting::tests::creature_mana_staged_cancel_and_commit_are_atomic ... FAILED

thread 'game::casting::tests::creature_mana_priority_is_immediate_and_rejects_illegal_sources' (2584) panicked at crates/mtg-core/src/casting_tests.rs:421:9:
CR 605: old llanowar-elves offers G
test game::casting::tests::creature_mana_priority_is_immediate_and_rejects_illegal_sources ... FAILED

failures:

failures:
    game::casting::tests::creature_mana_priority_is_immediate_and_rejects_illegal_sources
    game::casting::tests::creature_mana_staged_cancel_and_commit_are_atomic

test result: FAILED. 0 passed; 2 failed; 0 ignored; 0 measured; 185 filtered out; finished in 0.00s

error: test failed, to rerun pass `-p mtg-core --lib`
