   Compiling version_check v0.9.5
   Compiling proc-macro2 v1.0.107
   Compiling unicode-ident v1.0.26
   Compiling quote v1.0.47
   Compiling typenum v1.20.1
   Compiling generic-array v0.14.7
   Compiling libc v0.2.189
   Compiling serde_core v1.0.229
   Compiling zmij v1.0.23
   Compiling syn v3.0.6
   Compiling crypto-common v0.1.7
   Compiling block-buffer v0.10.4
   Compiling serde v1.0.229
   Compiling serde_json v1.0.151
   Compiling cpufeatures v0.2.17
   Compiling digest v0.10.7
   Compiling memchr v2.8.3
   Compiling cfg-if v1.0.5
   Compiling itoa v1.0.18
   Compiling sha2 v0.10.9
   Compiling serde_derive v1.0.229
   Compiling mtg-core v0.0.0 (/home/agent/.local/share/mtg-lab-symphony/workspaces/GH-199/crates/mtg-core)
    Finished `test` profile [unoptimized + debuginfo] target(s) in 6.38s
     Running unittests src/lib.rs (target/debug/deps/mtg_core-6a433e9b4f35bac6)

running 3 tests
test game::combat::tests::deathtouch_zero_split_and_no_trample_rejection ... FAILED
test game::combat::tests::deathtouch_thornweald_blocks_five_five_flyer_simultaneously ... FAILED
test game::targets_tests::deathtouch_bite_kills_sentry_without_return_damage ... FAILED

failures:

---- game::combat::tests::deathtouch_zero_split_and_no_trample_rejection stdout ----

thread 'game::combat::tests::deathtouch_zero_split_and_no_trample_rejection' (631) panicked at crates/mtg-core/src/combat_tests.rs:36:6:
called `Result::unwrap()` on an `Err` value: UnsupportedCombat
note: run with `RUST_BACKTRACE=1` environment variable to display a backtrace

---- game::combat::tests::deathtouch_thornweald_blocks_five_five_flyer_simultaneously stdout ----

thread 'game::combat::tests::deathtouch_thornweald_blocks_five_five_flyer_simultaneously' (630) panicked at crates/mtg-core/src/combat_tests.rs:36:6:
called `Result::unwrap()` on an `Err` value: UnsupportedCombat

---- game::targets_tests::deathtouch_bite_kills_sentry_without_return_damage stdout ----

thread 'game::targets_tests::deathtouch_bite_kills_sentry_without_return_damage' (632) panicked at crates/mtg-core/src/targets_tests.rs:61:58:
called `Result::unwrap()` on an `Err` value: Cast(IllegalSpell)


failures:
    game::combat::tests::deathtouch_thornweald_blocks_five_five_flyer_simultaneously
    game::combat::tests::deathtouch_zero_split_and_no_trample_rejection
    game::targets_tests::deathtouch_bite_kills_sentry_without_return_damage

test result: FAILED. 0 passed; 3 failed; 0 ignored; 0 measured; 209 filtered out; finished in 0.00s

error: test failed, to rerun pass `-p mtg-core --lib`
