Local documentation links passed.
RFC 0002 program coverage and dependency gates passed.
{"capabilities": 80, "designed_slots": 320, "execution_evidence_added": 0, "related_authored_fixtures": 6}
.........................................................................unavailable pinned reference
......................................................................................................................................
----------------------------------------------------------------------
Ran 207 tests in 26.230s

OK
   Compiling version_check v0.9.5
   Compiling proc-macro2 v1.0.107
   Compiling unicode-ident v1.0.26
   Compiling quote v1.0.47
   Compiling serde_core v1.0.229
   Compiling generic-array v0.14.7
   Compiling libc v0.2.189
   Compiling zmij v1.0.23
   Compiling serde_json v1.0.151
    Checking typenum v1.20.1
   Compiling syn v3.0.6
   Compiling serde v1.0.229
    Checking memchr v2.8.3
    Checking itoa v1.0.18
    Checking cpufeatures v0.2.17
    Checking block-buffer v0.10.4
    Checking crypto-common v0.1.7
    Checking cfg-if v1.0.5
    Checking digest v0.10.7
    Checking sha2 v0.10.9
    Checking errno v0.3.14
   Compiling signal-hook v0.3.18
   Compiling serde_derive v1.0.229
    Checking signal-hook-registry v1.4.8
   Compiling mtg-cli v0.1.0 (/home/agent/.local/share/mtg-lab-symphony/workspaces/GH-23/crates/mtg-cli)
    Checking mtg-core v0.0.0 (/home/agent/.local/share/mtg-lab-symphony/workspaces/GH-23/crates/mtg-core)
    Checking mtg-fixture v0.1.0 (/home/agent/.local/share/mtg-lab-symphony/workspaces/GH-23/crates/mtg-fixture)
    Checking mtg-policy v0.1.0 (/home/agent/.local/share/mtg-lab-symphony/workspaces/GH-23/crates/mtg-policy)
    Checking mtg-recorder v0.0.0 (/home/agent/.local/share/mtg-lab-symphony/workspaces/GH-23/crates/mtg-recorder)
    Finished `dev` profile [unoptimized + debuginfo] target(s) in 11.88s
   Compiling libc v0.2.189
   Compiling serde_core v1.0.229
   Compiling zmij v1.0.23
   Compiling generic-array v0.14.7
   Compiling typenum v1.20.1
   Compiling serde v1.0.229
   Compiling serde_json v1.0.151
   Compiling memchr v2.8.3
   Compiling itoa v1.0.18
   Compiling cpufeatures v0.2.17
   Compiling block-buffer v0.10.4
   Compiling crypto-common v0.1.7
   Compiling digest v0.10.7
   Compiling cfg-if v1.0.5
   Compiling errno v0.3.14
   Compiling sha2 v0.10.9
   Compiling signal-hook v0.3.18
   Compiling signal-hook-registry v1.4.8
   Compiling mtg-cli v0.1.0 (/home/agent/.local/share/mtg-lab-symphony/workspaces/GH-23/crates/mtg-cli)
   Compiling mtg-core v0.0.0 (/home/agent/.local/share/mtg-lab-symphony/workspaces/GH-23/crates/mtg-core)
   Compiling mtg-fixture v0.1.0 (/home/agent/.local/share/mtg-lab-symphony/workspaces/GH-23/crates/mtg-fixture)
   Compiling mtg-policy v0.1.0 (/home/agent/.local/share/mtg-lab-symphony/workspaces/GH-23/crates/mtg-policy)
   Compiling mtg-recorder v0.0.0 (/home/agent/.local/share/mtg-lab-symphony/workspaces/GH-23/crates/mtg-recorder)
    Finished `test` profile [optimized + debuginfo] target(s) in 2m 13s
     Running unittests src/main.rs (target/debug/deps/mtg-634074455f05cda9)

running 19 tests
test capture::tests::captured_limits_and_game_stops_preserve_diagnostics_and_not_started ... ok
test capture::tests::consecutive_captured_episodes_keep_distinct_opaque_ids_and_exact_counts ... ok
test capture::tests::publication_flush_failure_reaches_cli_accounting ... ok
test capture::tests::published_limits_match_explicit_configuration_not_internal_clock_signals ... ok
test capture::tests::queue_overflow_and_existing_file_conflicts_do_not_clobber_or_claim_publication ... ok
test commands::benchmark_tests::native_benchmark_preserves_pending_signals_before_first_episode ... ok
test capture::tests::publication_fault_boundaries_keep_game_outcome_and_uncertainty_separate ... ok
test native::tests::native_maximum_episode_count_prestart_stop_does_not_allocate_or_overflow ... ok
test native::tests::native_output_failure_at_header_episode_and_summary_never_returns_success ... ok
test native::tests::native_synthetic_policy_failure_is_incomplete_caller_error_not_rules_failure ... ok
test capture::tests::publication_deadline_and_interrupt_before_during_and_after_commit ... ok
test script::tests::script_control_stops_account_remaining_input_and_never_start_next_episode ... ok
test simulate::tests::simulate_active_interruption_and_deadline_have_distinct_accounting ... ok
test simulate::tests::simulate_engine_failure_is_quarantined_and_stops_run ... ok
test simulate::tests::simulate_seed_extremes_preserve_rules_derived_passive_outcome ... ok
test simulate::tests::simulate_writer_failure_propagates_instead_of_success ... ok
test native::tests::native_deterministic_prestart_and_midgame_stop_deadline_accounting ... ok
test script::tests::routing_rejects_preserve_full_owner_and_capture_then_valid_script_recovers ... ok
test capture::tests::exact_owned_rows_replay_authority_and_capture_on_off_full_state_rng ... ok

test result: ok. 19 passed; 0 failed; 0 ignored; 0 measured; 0 filtered out; finished in 6.15s

     Running tests/captured_simulate.rs (target/debug/deps/captured_simulate-9bc88b2bb8eba0a9)

running 5 tests
test captured_os_signals_preserve_requested_accounting ... ok
test invalid_capture_configuration_has_no_output_or_storage_mutation ... ok
test captured_storage_failure_does_not_reclassify_completed_game ... ok
test captured_script_publishes_canonical_manifest_and_independent_ledger ... ok
test captured_native_both_seats_publish_and_match_uncaptured_game_rows ... ok

test result: ok. 5 passed; 0 failed; 0 ignored; 0 measured; 0 filtered out; finished in 3.43s

     Running tests/composed_cli.rs (target/debug/deps/composed_cli-d8c7b7bdddfbcff2)

running 5 tests
test captured_deadline_and_sigterm_leave_no_false_completed_artifacts ... ok
test composed_writer_failure_cannot_be_validated_as_completed_capture ... ok
test composed_diagnostics_reject_completed_claim_and_account_never_started_requests ... ok
test simulate_to_validate_and_replay_preserves_literal_script_and_exact_capture ... ok
test native_captured_games_feed_both_verifiers_from_both_starting_seats ... ok

test result: ok. 5 passed; 0 failed; 0 ignored; 0 measured; 0 filtered out; finished in 3.25s

     Running tests/headless_commands.rs (target/debug/deps/headless_commands-176c71049220867e)

running 9 tests
test benchmark_smoke_runs_scalar_production_and_keeps_truncation_distinct ... ok
test files_usage_and_output_failures_are_structured ... ok
test conformance_missing_dependencies_and_malformed_input_fail_without_prompt ... ok
test replay_errors_are_explicit_and_inspection_diagnostics_are_redacted ... ok
test input_limits_and_benchmark_configuration_fail_explicitly ... ok
test replay_verify_and_seat_filtered_inspect ... ok
test trajectories_validate_seal_and_reject_corruption ... ok
test conformance_compares_actual_checkpoints_and_preserves_failure_artifacts ... ok
test conformance_deadline_kills_unresponsive_dependency ... ok

test result: ok. 9 passed; 0 failed; 0 ignored; 0 measured; 0 filtered out; finished in 10.01s

     Running tests/native_simulate.rs (target/debug/deps/native_simulate-eaebcbafe90bbfe4)

running 14 tests
test native_benchmark_preserves_production_rows_and_all_failure_denominators ... ok
test native_bad_versions_policies_bounds_and_overflow_fail_without_output ... ok
test native_benchmark_rejects_capture_before_creating_artifacts ... ok
test native_benchmark_rejects_other_workloads_and_excessive_budgets ... ok
test native_benchmark_work_and_wall_stops_never_become_completed_games ... ok
test native_configuration_never_silently_runs_as_passive_benchmark ... ok
test native_explicit_work_and_record_limits_account_exactly ... ok
test native_literal_first_land_checkpoint_both_starting_seats ... ok
test native_one_decision_cannot_be_a_rules_outcome ... ok
test native_signals_have_bounded_complete_accounting ... ok
test native_stdout_failure_is_a_caller_error ... ok
test native_benchmark_complete_games_equal_untimed_simulation ... ok
test native_real_games_repeat_and_match_direct_libraries_with_rules_checkpoints ... ok
test full_pool_cli_all_matchups_both_policies_and_starting_seats ... ok

test result: ok. 14 passed; 0 failed; 0 ignored; 0 measured; 0 filtered out; finished in 21.67s

     Running tests/played_replay_commands.rs (target/debug/deps/played_replay_commands-709473e548767993)

running 4 tests
test played_and_opening_verify_with_literal_public_summary ... ok
test bounded_malformed_input_and_inspection_do_not_enable_privilege ... ok
test history_and_semantic_corruptions_fail_without_private_details ... ok
test routing_rejects_unsupported_missing_and_duplicate_discriminators ... ok

test result: ok. 4 passed; 0 failed; 0 ignored; 0 measured; 0 filtered out; finished in 0.10s

     Running tests/script_simulate.rs (target/debug/deps/script_simulate-bdf274c6c9d2683e)

running 8 tests
test script_both_seats_multiple_episodes_concessions_consume_once ... ok
test script_decision_and_work_stops_are_truncated_not_consumed ... ok
test script_bounds_and_explicit_mode_validation ... ok
test script_input_limits_include_envelopes_and_file_bytes ... ok
test script_normal_reset_literal_combat_and_exact_consumption ... ok
test script_missing_extra_reordered_stale_malformed_illegal_never_fall_back ... ok
test script_full_combat_both_starting_seats_and_episode_boundaries ... ok
test script_played_combat_reaches_literal_rules_terminal_without_concession ... ok

test result: ok. 8 passed; 0 failed; 0 ignored; 0 measured; 0 filtered out; finished in 0.52s

     Running tests/simulate.rs (target/debug/deps/simulate-49dfb5a36f43563c)

running 7 tests
test simulate_decision_limit_is_not_a_draw_or_win ... ok
test simulate_missing_malformed_config_and_broken_stdout_are_explicit ... ok
test simulate_sigterm_accounts_every_requested_episode_with_deadline ... ok
test simulate_output_path_and_write_failures ... ok
test simulate_wall_deadline_finishes_with_complete_accounting ... ok
test simulate_invalid_configs_fail_explicitly_without_prompt ... ok
test simulate_headless_reproducible_rules_completion_both_starters_and_mirrors ... ok

test result: ok. 7 passed; 0 failed; 0 ignored; 0 measured; 0 filtered out; finished in 0.07s

     Running tests/trajectory_commands.rs (target/debug/deps/trajectory_commands-0ef16726d005d6a4)

running 9 tests
test diagnostic_empty_failed_run_is_metadata_not_a_completed_dataset ... ok
test real_played_v2_and_manifest_have_independently_counted_summaries ... ok
test library_played_inputs_match_literal_accounting_before_cli ... ok
test bounded_explicit_file_selection_and_options_fail_safely ... ok
test diagnostic_reports_failed_and_incomplete_runs_without_completed_prefix_claim ... ok
test v1_fixture_and_explicit_v1_and_manifest_remain_supported ... ok
test synthetic_manifest_mismatches_and_private_reasons_are_redacted ... ok
test synthetic_seal_count_duplicate_version_and_unsealed_manifest_reject ... ok
test synthetic_version_duplicate_missing_and_corrupt_data_never_salvage ... ok

test result: ok. 9 passed; 0 failed; 0 ignored; 0 measured; 0 filtered out; finished in 0.22s

     Running unittests src/lib.rs (target/debug/deps/mtg_core-6b309ede78083bb7)

running 275 tests
test episode::budget_tests::injected_settlement_failure_is_not_retryable ... ok
test episode::budget_tests::unbounded_capture_failure_still_has_exactly_one_owned_failed_result ... ok
test episode::budget_tests::injected_append_and_terminal_finish_failures_account_once_and_quarantine ... ok
test episode::replay::tests::incomplete_and_injected_failure_statuses_never_create_replay ... ok
test episode::budget_tests::disabled_capture_never_materializes_trajectory_frames ... ok
test episode::replay::tests::real_truncated_and_failed_captures_have_no_artifact ... ok
test episode::replay::tests::corrupt_stored_replay_is_never_released ... ok
test episode::replay::tests::default_denial_exact_artifact_authority_and_registry_lifetime ... ok
test game::actions::tests::actions_concession_is_not_a_priority_choice ... ok
test game::actions::tests::actions_duplicate_copy_zone_reentry_and_storage_reuse ... ok
test game::actions::tests::actions_fieldless_variants_reject_extra_indices ... ok
test game::actions::tests::actions_bite_ordered_targets_and_encoder_validation ... ok
test episode::replay::tests::injected_config_history_snapshot_and_status_mismatches_fail ... ok
test game::actions::tests::actions_opening_mulligan_bottom_and_strict_schema ... ok
test game::actions::tests::actions_rejections_do_not_mutate ... ok
test game::actions::tests::actions_targets_payment_cancellation_and_every_color ... ok
test game::card_definition_tests::card_definitions_every_other_frozen_identity_rejects_play_without_mutation ... ok
test game::card_definition_tests::card_definitions_sentry_characteristics_and_complete_support ... ok
test game::card_definition_tests::card_definitions_six_card_manifest_and_public_candidates ... ok
test game::card_definition_tests::card_definitions_unknown_and_corrupt_identity_rejection ... ok
test game::card_definition_tests::flying_reach_sentry_pinned_cost_casts_for_three_generic_one_green ... ok
test game::cast_boundary_tests::cast_boundary_rejections_preserve_snapshot_rng_and_private_choices ... ok
test game::actions::tests::actions_cleanup_duplicate_selection_and_snapshot_scope ... ok
test game::cast_trigger_tests::archer_committed_cast_waits_for_resolution_and_survives_source_death ... ok
test game::cast_boundary_tests::cast_boundary_restore_finish_or_cancel_at_every_target_and_payment_stage ... ok
test game::cast_trigger_tests::cast_trigger_archer_lethal_stops_before_growth_and_apnap_fixture ... ok
test game::cast_trigger_tests::cast_trigger_completed_growth_on_cub_detects_each_source_once ... ok
test game::cast_trigger_tests::cast_trigger_negative_land_mana_creature_failed_and_cancelled ... ok
test game::cast_trigger_tests::cast_trigger_opponent_cast_and_departed_cyclops_incarnation ... ok
test game::cast_trigger_tests::cast_trigger_policy_identifies_pending_and_stacked_sources ... ok
test game::cast_trigger_tests::cast_trigger_reference_literal_checkpoints ... ok
test game::cast_trigger_tests::cast_trigger_two_archers_growth_and_invalidated_spell ... ok
test game::cast_trigger_tests::cyclops_trigger_then_growth_literal_stat_ledger ... ok
test game::casting::tests::casting_fresh_forest_mountain_negative_and_unsupported_cards ... ok
test game::casting::tests::casting_generic_choices_and_atomic_rejected_final_command ... ok
test game::casting::tests::casting_land_activation_choices_cancel_and_retry ... ok
test game::casting::tests::casting_lifo_synthetic_stack_and_mana_response_resets_passes ... ok
test game::casting::tests::casting_literal_payment_stack_resolution_and_priority ... ok
test game::casting::tests::casting_missing_colors_masked_timing_foreign_and_wrong_actor ... ok
test game::casting::tests::casting_nested_stale_cancel_reset_and_exhaustion ... ok
test game::casting::tests::creature_mana_pending_snapshot_and_illegal_payment_sources ... ok
test game::casting::tests::creature_mana_priority_is_immediate_and_rejects_illegal_sources ... ok
test game::casting::tests::creature_mana_staged_cancel_and_commit_are_atomic ... ok
test game::casting::tests::surprise_explicit_source_combinations_and_cancel_keep_taps_private ... ok
test game::casting::tests::surprise_modes_literal_affected_set_and_rejection ... ok
test game::cast_trigger_tests::cast_trigger_all_six_orders_and_quantum_snapshots ... ok
test game::casting::tests::surprise_payable_instant_requires_explicit_mode ... ok
test game::casting::tests::surprise_reference_literal_checkpoints ... ok
test game::casting::tests::thrill_alone_or_wrong_color_rejects_without_mutation ... ok
test game::casting::tests::thrill_discard_atomic_ordered_draw_and_failed_second_draw ... ok
test game::casting::tests::thrill_payable_instant_is_available_without_targets ... ok
test game::casting::tests::thrill_private_pending_snapshots_cancel_stale_and_quantum ... ok
test game::casting::tests::thrill_reference_literal_checkpoints ... ok
test game::casting::tests::thrill_response_window_missing_discard_and_departed_cost_reject_atomically ... ok
test game::casting::tests::surprise_modes_payments_cancellation_snapshots_and_quantum ... ok
test game::cleanup_trigger_tests::cleanup_ordinary_has_no_priority_and_terminal_stops_before_untap ... ok
test game::actions::tests::actions_hand_authored_normal_reset_spell_combat ... ok
test game::cleanup_trigger_tests::cleanup_driver_private_choices_typed_capture_and_snapshot_replay ... ok
test game::cleanup_trigger_tests::cleanup_trigger_lethal_stops_all_turn_work ... ok
test game::cleanup_trigger_tests::cleanup_pending_trigger_discards_expires_resolves_and_repeats ... ok
test game::combat::tests::combat_backtracking_stale_foreign_reset_and_generation_exhaustion ... ok
test game::combat::tests::combat_blocked_status_survives_departed_and_reentered_blocker ... ok
test game::combat::tests::combat_declarations_and_simultaneous_trade_cub_and_swab ... ok
test game::combat::tests::combat_each_subset_and_blocker_mapping_is_expressible ... ok
test game::combat::tests::combat_either_blocked_attacker_and_unblocked_swab_damage ... ok
test game::combat::tests::combat_linear_capacity_and_all_remaining_blockers ... ok
test game::combat::tests::combat_departed_attacker_tapped_blocker_and_overflow ... ok
test game::combat::tests::combat_modern_split_does_not_require_lethal_or_blocker_order ... ok
test game::combat::tests::combat_quantum_preflight_rejections_preserve_exact_snapshot ... ok
test game::cleanup_trigger_tests::cleanup_reference_literal_checkpoints ... ok
test game::combat::tests::combat_quantum_removed_blockers_remember_blocked_status ... ok
test game::combat::tests::combat_quantum_terminal_after_all_damage_and_deaths ... ok
test game::combat::tests::combat_sickness_taps_and_rejections_are_atomic ... ok
test game::combat::tests::combat_simultaneous_player_damage_crosses_zero_without_early_stop ... ok
test game::combat::tests::creature_mana_druid_blocks_cub_and_survives_two_damage ... ok
test game::combat::tests::deathtouch_reference_literal_checkpoints ... ok
test game::combat::tests::deathtouch_thornweald_blocks_five_five_flyer_simultaneously ... ok
test game::combat::tests::deathtouch_trample_synthetic_seven_six_both_seats_quantum_and_rejection ... ok
test game::combat::tests::deathtouch_zero_split_and_no_trample_rejection ... ok
test game::combat::tests::flying_reach_illegal_cub_block_is_atomic ... ok
test game::combat::tests::flying_reach_pair_matrix_policy_actions_snapshot_and_quantum ... ok
test game::combat::tests::flying_reach_reference_literal_checkpoints ... ok
test game::combat::tests::flying_reach_sentry_attacking_is_blockable_by_cub ... ok
test game::combat::tests::flying_reach_sentry_blocks_five_five_and_dies ... ok
test game::combat::tests::integration_growth_windows_end_before_atomic_combat_damage ... ok
test game::combat::tests::tajuru_departed_blockers_and_single_blocker_marked_lethal ... ok
test game::combat::tests::tajuru_vigilance_trample_and_unordered_blocker_splits ... ok
test game::combat::tests::trample_both_seats_quantum_restore_and_atomic_rejections ... ok
test game::combat::tests::trample_reference_literal_checkpoints ... ok
test game::combat::tests::combat_shared_xmage_reference_checkpoints ... ok
test game::creature_mana_reference_tests::creature_mana_reference_literal_checkpoints ... ok
test game::etb_trigger_tests::pyromancer_concession_during_target_clears_choice_and_restores_terminal ... ok
test game::episode_capture_tests::owned_capture_preserves_two_ordered_discards_and_rejects_missing_second ... ok
test game::etb_trigger_tests::pyromancer_etb_requires_player_target_then_deals_two ... ok
test game::actions::tests::actions_fresh_processes ... ok
test game::etb_trigger_tests::pyromancer_missing_creature_wrong_seat_stale_target_reject_without_mutation ... ok
test game::etb_trigger_tests::pyromancer_corrupt_target_continuation_rejects_restore ... ok
test game::etb_trigger_tests::pyromancer_quantum_snapshot_target_and_resolution ... ok
test game::etb_trigger_tests::pyromancer_synthetic_multi_target_apnap_placement_and_end_step ... ok
test game::haste_tests::cavalry_pinned_cast_and_fresh_activation_rejection ... ok
test game::haste_tests::activation_raw_rejections_pending_restore_and_capacity_are_atomic ... ok
test game::haste_tests::haste_bite_response_kills_source_not_ability ... ok
test game::etb_trigger_tests::pyromancer_reference_literal_checkpoints ... ok
test game::haste_tests::haste_cancel_and_illegal_policy_do_not_pay_cost ... ok
test game::haste_tests::concession_before_and_after_activation_target_is_final ... ok
test game::haste_tests::haste_source_independent_target_identity_and_cleanup ... ok
test game::haste_tests::old_cavalry_offers_targeted_activation ... ok
test game::haste_tests::haste_reference_literal_checkpoints ... ok
test game::haste_tests::haste_every_resolution_quantum_restores_and_malformed_cost_rejects ... ok
test game::instant_reference_tests::instant_checkpoint_rejects_unlisted_objects_in_every_zone ... ok
test game::combat::tests::combat_quantum_all_modern_allocations_simultaneous_lethal_both_seats ... ok
test game::instant_reference_tests::instant_blocker_script_reaches_damage_with_remembered_blocked_status ... ok
test game::instant_reference_tests::instant_blocker_illegal_declarations_and_response_order_fail ... ok
test game::instant_reference_tests::instant_cleanup_strict_discard_identity_count_and_actor ... ok
test game::instant_reference_tests::instant_cleanup_literal_discard_and_next_turn ... ok
test game::instant_reference_tests::instant_identity_survives_departure_and_reentry_without_retargeting ... ok
test game::instant_reference_tests::instant_lineage_binding_still_checks_actual_card_and_owner ... ok
test game::instant_reference_tests::instant_export_observations ... ok
test game::instant_reference_tests::instant_shared_script_literal_expectations ... ok
test game::invoker_tests::invoker_atomic_unavailable_reserved_mana_missing_target_overflow_and_concession ... ok
test game::invoker_tests::invoker_departed_target_does_not_boost_returned_incarnation ... ok
test game::invoker_tests::invoker_payment_target_stale_cancel_reject_without_spending ... ok
test game::instant_reference_tests::instant_departed_targets_literal_expectations ... ok
test game::invoker_tests::invoker_pending_payment_semantic_and_every_work_quantum_restore ... ok
test game::invoker_tests::invoker_sick_tapped_source_own_opposing_boost_and_cleanup ... ok
test game::invoker_tests::invoker_reference_literal_checkpoints ... ok
test game::m2_cost_reference_tests::cost_compositions_match_independent_literal_checkpoints ... ok
test game::instant_reference_tests::instant_strict_choice_regressions ... ok
test game::mana::tests::mana_payment_two_units_are_private_until_commit ... ok
test game::mana::tests::mana_synthetic_illegal_sources_stack_and_overflow ... ok
test game::opening::mulligan_invariants::mulligan_decision_exhaustion_is_atomic_in_both_kinds ... ok
test game::opening::mulligan_invariants::mulligan_explicit_chance_and_rejections_do_not_consume_rng ... ok
test game::m2_trigger_reference_tests::m2_trigger_composition_literal_checkpoints ... ok
test game::opening::quantum::quantum_one_unit_consumes_at_most_one_word_or_object_operation ... ok
test game::opening::quantum::quantum_rejected_shuffle_trial_retains_cursor_and_cards ... ok
test game::opening::tests::opening_bounded_sampling_rejects_incomplete_tail ... ok
test game::opening::tests::opening_counter_exhaustion_preserves_game_and_rng ... ok
test game::opening::tests::opening_explicit_orders_do_not_consume_rng ... ok
test game::policy::tests::combat_policy::policy_cleanup_independent_pairs_sorted_identity_and_hidden_twins ... ok
test game::policy::tests::combat_policy::policy_cleanup_normal_reset_both_seats_and_distinct_sorted_rows ... ok
test game::policy::tests::combat_policy::policy_combat_every_boundary_hidden_twins_masks_and_atomic_errors ... ok
test game::policy::tests::combat_policy::policy_combat_independent_subsets_maps_and_allocations ... ok
test game::policy::tests::combat_policy::policy_combat_invalid_block_damage_and_finish_preserve_state ... ok
test game::policy::tests::combat_policy::policy_combat_normal_reset_cast_attack_block_damage_cleanup_both_seats ... ok
test game::policy::tests::combat_policy::policy_combat_storage_twins_and_departed_blockers_keep_public_identity ... ok
test game::policy::tests::combat_policy::policy_combat_twins_private_backtracking_errors_and_capacity ... ok
test game::policy::tests::combat_policy::snapshot_nondefault_combat_fresh_process ... ok
test game::policy::tests::policy_generation_and_resource_exhaustion_are_transactional ... ok
test game::policy::tests::policy_hidden_twins_and_invalid_inputs_preserve_full_state ... ok
test game::policy::tests::policy_library_only_twins_payment_errors_and_masked_rows ... ok
test game::policy::tests::policy_mulligans_ordered_bottoming_and_old_opening_api_coexist ... ok
test game::policy::tests::policy_normal_reset_both_seat_opening_land_mana_pass_literal_states ... ok
test game::policy::tests::policy_pending_spell_is_private_combat_supported_and_internal_work_fails ... ok
test game::policy::tests::policy_restore_invalidates_pre_restore_submissions_without_state_change ... ok
test game::policy::tests::policy_spell_cast_is_offered_and_pending_cast_is_seat_safe ... ok
test game::policy::tests::policy_spell_target_continuation_keeps_opponent_view_available ... ok
test game::policy::tests::policy_standalone_payment_is_private_and_explicit ... ok
test game::policy::tests::policy_visible_references_ignore_hidden_storage_and_track_visible_rows ... ok
test game::policy::tests::policy_wire_contract_owned_records_and_terminal_boundary ... ok
test game::policy::tests::spells::integration_privacy_growth_snapshot_diagnostics_and_seat_jsonl_twins ... ok
test game::policy::tests::spells::policy_spells_all_generic_colors_preserved_and_finish_requires_paid_cost ... ok
test game::policy::tests::spells::policy_spells_capacity_masks_stale_and_wrong_seat_at_every_stage ... ok
test game::policy::tests::spells::policy_spells_growth_response_to_bite_and_public_targets ... ok
test game::policy::tests::spells::policy_spells_normal_reset_twins_real_lands_creatures_bite_and_cancel ... ok
test game::policy::tests::spells::policy_spells_partial_invalidation_by_real_response_has_no_source_lki ... ok
test game::policy::tests::spells::policy_spells_twins_cancel_each_stage_and_reject_without_mutation ... ok
test game::shivan_tests::activation_mana_invoker_can_announce_with_eight_untapped_forests ... FAILED
test game::shivan_tests::activation_mana_payment_offers_untapped_sources_even_with_floating_mana ... FAILED
test game::shivan_tests::activation_mana_shivan_can_announce_with_untapped_mountain ... FAILED
test game::shivan_tests::shivan_growth_addition_overflow_and_concession_are_atomic ... ok
test game::shivan_tests::shivan_invalid_sources_and_foreign_target_atomic ... ok
test game::shivan_tests::shivan_payment_cancel_stale_semantic_and_quantum_restore ... ok
test game::shivan_tests::shivan_reference_literal_checkpoints ... ok
test game::shivan_tests::shivan_sick_repeated_paid_boost_cleanup ... ok
test game::shivan_tests::shivan_stacked_source_return_cannot_receive_boost ... ok
test game::targets_tests::deathtouch_bite_kills_sentry_without_return_damage ... ok
test game::targets_tests::settlement_quantum_bite_uses_grown_source_and_terminal_boundary ... ok
test game::targets_tests::settlement_quantum_creature_identity_and_sickness ... ok
test game::targets_tests::settlement_quantum_growth_responds_to_bite_literal_checkpoints ... ok
test game::targets_tests::settlement_quantum_rejections_preserve_exact_state ... ok
test game::targets_tests::settlement_quantum_response_death_revalidates_targets ... ok
test game::targets_tests::targets_cleanup_damage_and_expiration_simultaneous ... ok
test game::targets_tests::targets_empty_roles_payment_cancel_revalidation_and_exhaustion ... ok
test game::targets_tests::targets_generic_payment_preserves_future_growth_choices ... ok
test game::targets_tests::targets_growth_below_bite_zone_identity_no_retarget ... ok
test game::targets_tests::targets_hold_priority_bite_above_growth_and_five_no_redirection ... ok
test game::targets_tests::targets_independent_all_pairs_and_capacity_boundaries ... ok
test game::targets_tests::targets_partial_invalidation_no_lki_or_redirection ... ok
test game::targets_tests::targets_payable_instants_offered_with_legal_targets ... ok
test game::targets_tests::targets_required_restricted_stale_and_atomic ... ok
test game::targets_tests::targets_resolution_controller_recheck_and_numeric_overflow ... ok
test game::targets_tests::targets_response_chain_priority_current_power_and_lethal ... ok
test game::targets_tests::targets_stacked_growth_and_grown_source_invalid_destination ... ok
test game::terminal::tests::terminal_concede_nonacting_seat_and_finality ... ok
test game::terminal::tests::terminal_concession_cancels_payment_without_commit ... ok
test game::terminal::tests::terminal_concession_preserves_stack_and_invalidates_target_and_cast_choices ... ok
test game::terminal::tests::terminal_empty_draw_versus_empty_library_and_first_draw_skip ... ok
test game::terminal::tests::terminal_grown_dead_cub_then_real_cast_has_fresh_bookkeeping ... ok
test game::terminal::tests::terminal_hand_cub_cannot_block ... ok
test game::terminal::tests::terminal_lethal_zero_negative_and_creature_death_is_not_player_loss ... ok
test game::terminal::tests::terminal_main_priority_concession_each_seat_and_stale_actions_after_lethal ... ok
test game::terminal::tests::terminal_same_neutral_boundaries_as_xmage ... ok
test game::terminal::tests::terminal_simultaneous_losses_and_external_work_limits ... ok
test game::token_tests::tokens_fodder_waits_for_resolution_then_creates_four_distinct_goblins ... ok
test game::token_tests::tokens_lethal_bite_ceases_and_pending_growth_cannot_recreate_dead_target ... ok
test game::token_tests::tokens_pinned_characteristics_and_no_token_card_cast ... ok
test game::token_tests::tokens_reference_observations_match_literal_oracle ... ok
test game::token_tests::tokens_resolution_snapshot_at_every_quantum_and_no_partial_exhausted_batch ... ok
test game::token_tests::tokens_sick_blocker_growth_survives_and_cleanup_restores_one_one ... ok
test game::token_tests::tokens_sorcery_timing_and_unpaid_rejections_preserve_state ... ok
test game::token_tests::tokens_two_attack_one_dies_other_deals_one ... ok
test game::trajectory_rules_tests::trajectory_rules_terminal_rewards_once_interaction ... ok
test game::trajectory_rules_tests::trajectory_rules_terminal_rewards_once_negative ... ok
test game::trajectory_rules_tests::trajectory_rules_terminal_rewards_once_positive ... ok
test game::trajectory_v2_tests::trajectory_v2_cleanup_multiple_discards_draw_failure_and_nonacting_reward ... ok
test game::trajectory_v2_tests::trajectory_v2_combat_domains_subsets_maps_allocations_and_backtracking ... ok
test game::trajectory_v2_tests::trajectory_v2_invalid_maps_allocations_and_target_cancellation ... ok
test game::trajectory_v2_tests::trajectory_v2_ordered_bottom_owned_and_atomic_rejections ... ok
test game::trajectory_v2_tests::trajectory_v2_played_commit_retains_payment_targets_and_owned_policy_data ... ok
test game::trajectory_v2_tests::trajectory_v2_played_pending_privacy_cancellation_and_full_inputs ... ok
test game::trajectory_v2_tests::trajectory_v2_rejection_matrix_is_transactional ... ok
test game::trajectory_v2_tests::trajectory_v2_same_seat_interleavings_rewards_and_zero_decision_seats ... ok
test game::trajectory_v2_tests::trajectory_v2_terminal_action_rewards_once_and_truncation_pending ... ok
test game::trigger_tests::incomplete_trigger_permutation_rejects_without_mutation ... ok
test game::trigger_tests::malformed_duplicate_placement_work_is_rejected_atomically ... ok
test game::trigger_tests::malformed_trigger_decision_cannot_restore_without_pending_owner_or_return ... ok
test game::trigger_tests::mandatory_source_death_and_terminal_settlement_precede_placement ... ok
test game::trigger_tests::mandatory_trigger_order_precedes_priority ... ok
test game::trigger_tests::synthetic_trigger_resolution_removes_ability_not_creature ... ok
test game::trigger_tests::trigger_apnap_dead_source_and_every_placement_snapshot ... ok
test game::trigger_tests::trigger_batch_storage_exhaustion_rejects_before_first_placement ... ok
test game::trigger_tests::trigger_does_not_inherit_source_trample ... ok
test game::trigger_tests::trigger_driver_capture_and_semantic_replay_from_declared_snapshot ... ok
test game::trigger_tests::trigger_invalid_orders_and_capacity_preserve_snapshot ... ok
test game::turns::quantum_tests::integration_growth_rejected_through_every_untap_yield ... ok
test game::turns::quantum_tests::turn_quantum_cleanup_discard_and_simultaneous_expiration ... ok
test game::turns::quantum_tests::turn_quantum_draw_skip_order_and_empty_terminal ... ok
test game::turns::quantum_tests::turn_quantum_each_empty_combat_step_and_rejections ... ok
test game::turns::quantum_tests::turn_quantum_initial_untap_unit_bound_and_controller ... ok
test game::turns::quantum_tests::turn_quantum_literal_intermediate_cleanup_and_draw_units ... ok
test game::turns::quantum_tests::turn_quantum_priority_in_cleanup_repeats_discard_before_next_turn ... ok
test game::turns::quantum_tests::turn_quantum_shared_xmage_draw_checkpoints ... ok
test game::turns::tests::turns_cleanup_multiple_cards_foreign_candidates_and_turn_exhaustion ... ok
test game::turns::tests::turns_empty_library_terminal_and_unsupported_combat_preserve_boundary ... ok
test game::turns::tests::turns_exhaustion_and_unsupported_stack_are_unchanged ... ok
test game::turns::tests::turns_same_neutral_priority_fixture_as_reference_bridges ... ok
test game::turns::tests::turns_untap_controller_and_mana_every_boundary ... ok
test game::views::tests::views_error_serialization_is_literal_and_context_free ... ok
test game::views::tests::views_library_privacy_interaction_forest_versus_mountain_draw ... ok
test game::views::tests::views_library_privacy_negative_independent_states ... ok
test game::views::tests::views_library_privacy_positive ... ok
test game::views::tests::views_literal_empty_schema_and_owned_snapshot ... ok
test game::views::tests::views_only_unseen_library_permutation_and_hidden_allocation_order_are_invariant ... ok
test game::views::tests::views_private_spell_continuations_are_explicitly_unavailable_in_core_schema ... ok
test game::views::tests::views_public_zones_history_and_turn_boundary ... ok
test game::views::tests::views_remembered_facts_do_not_track_hidden_handles_or_order ... ok
test game::views::tests::views_revelations_are_historical_seat_scoped_and_reset ... ok
test game::views::tests::views_unavailable_boundaries_and_uniform_errors_do_not_mutate ... ok
test objects::tests::objects_creation_batch_capacity_and_second_birth_reject_before_mutation ... ok
test objects::tests::objects_dense_records_and_actual_slot_reuse ... ok
test objects::tests::objects_identity_exhaustion_is_atomic ... ok
test rng::tests::rng_primitive_known_answers ... ok
test trajectory::tests::trajectory_action_time_data_optional_statistics_and_privacy ... ok
test trajectory::tests::trajectory_both_seats_external_concession_and_empty_episode ... ok
test trajectory::tests::trajectory_handwritten_links_rewards_and_microchoice_durations ... ok
test trajectory::tests::trajectory_header_and_choice_validation_is_transactional ... ok
test trajectory::tests::trajectory_normal_opening_capture_on_off_and_reset_rejection ... ok
test trajectory::tests::trajectory_reject_invalid_choice_continuity_versions_and_false_terminal ... ok
test trajectory::tests::trajectory_reward_discount_and_capture_conventions_are_explicit ... ok
test trajectory::tests::trajectory_truncated_transition_bootstrap_and_failed_completed_recording ... ok
test trajectory::tests::trajectory_truncation_failure_and_incomplete_quarantine ... ok
test trajectory::tests::trajectory_zero_decision_seat_final_credit_and_owned_reset ... ok
test game::opening::quantum::quantum_all_opening_boundaries_match_scalar_rng_and_decisions ... ok
test game::instant_reference_tests::instant_departure_choices_are_not_silently_dropped ... ok
test game::mana::tests::mana_all_small_payment_combinations_independent_enumerator ... ok

failures:

---- game::shivan_tests::activation_mana_invoker_can_announce_with_eight_untapped_forests stdout ----

thread 'game::shivan_tests::activation_mana_invoker_can_announce_with_eight_untapped_forests' (145969) panicked at crates/mtg-core/src/shivan_tests.rs:101:5:
assertion failed: g.activation_candidates(Seat::P0).contains(&invoker)

---- game::shivan_tests::activation_mana_payment_offers_untapped_sources_even_with_floating_mana stdout ----

thread 'game::shivan_tests::activation_mana_payment_offers_untapped_sources_even_with_floating_mana' (145970) panicked at crates/mtg-core/src/shivan_tests.rs:85:5:
assertion failed: d.candidates.iter().zip(&d.legal_mask).any(|(c, legal)|
        { *legal && matches!(c, policy::Choice::TapMana { .. }) })

---- game::shivan_tests::activation_mana_shivan_can_announce_with_untapped_mountain stdout ----

thread 'game::shivan_tests::activation_mana_shivan_can_announce_with_untapped_mountain' (145971) panicked at crates/mtg-core/src/shivan_tests.rs:70:5:
assertion failed: g.activation_candidates(Seat::P0).contains(&dragon)


failures:
    game::shivan_tests::activation_mana_invoker_can_announce_with_eight_untapped_forests
    game::shivan_tests::activation_mana_payment_offers_untapped_sources_even_with_floating_mana
    game::shivan_tests::activation_mana_shivan_can_announce_with_untapped_mountain

test result: FAILED. 272 passed; 3 failed; 0 ignored; 0 measured; 0 filtered out; finished in 7.78s

error: test failed, to rerun pass `-p mtg-core --lib`
