   Compiling version_check v0.9.5
   Compiling proc-macro2 v1.0.107
   Compiling unicode-ident v1.0.26
   Compiling typenum v1.20.1
   Compiling quote v1.0.47
   Compiling generic-array v0.14.7
   Compiling libc v0.2.189
   Compiling serde_core v1.0.229
   Compiling zmij v1.0.23
   Compiling block-buffer v0.10.4
   Compiling syn v3.0.6
   Compiling crypto-common v0.1.7
   Compiling serde_json v1.0.151
   Compiling serde v1.0.229
   Compiling digest v0.10.7
   Compiling cpufeatures v0.2.17
   Compiling cfg-if v1.0.5
   Compiling itoa v1.0.18
   Compiling memchr v2.8.3
   Compiling sha2 v0.10.9
   Compiling serde_derive v1.0.229
   Compiling mtg-core v0.0.0 (/home/agent/.local/share/mtg-lab-symphony/workspaces/GH-160/crates/mtg-core)
warning: function `hand` is never used
  --> crates/mtg-core/tests/capture.rs:25:4
   |
25 | fn hand(row:usize)->VisibleRef {VisibleRef{zone:VisibleZone::Hand,row}}
   |    ^^^^
   |
   = note: `#[warn(dead_code)]` (part of `#[warn(unused)]`) on by default

warning: function `bf` is never used
  --> crates/mtg-core/tests/capture.rs:26:4
   |
26 | fn bf(row:usize)->VisibleRef {VisibleRef{zone:VisibleZone::Battlefield,row}}
   |    ^^

warning: methods `idle`, `until`, and `card` are never used
  --> crates/mtg-core/tests/capture.rs:71:8
   |
34 | impl Script {
   | ----------- methods in this implementation
...
71 |     fn idle(&mut self) {
   |        ^^^^
...
77 |     fn until(&mut self,turn:u64,step:&str) {for _ in 0..200 {if self.on.observe(Seat::P0).unwrap().view.turn.is_some_and(|p|p.0==tur...
   |        ^^^^^
78 |     fn card(&self,seat:Seat,key:&str)->VisibleRef {hand(self.on.observe(seat).unwrap().view.hand.iter().position(|c|c.card==key).unw...
   |        ^^^^

warning: `mtg-core` (test "capture") generated 3 warnings
    Finished `test` profile [unoptimized + debuginfo] target(s) in 4.42s
     Running tests/capture.rs (target/debug/deps/capture-e8ead1ab1f252735)

running 3 tests
test zero_decision_and_nonacting_terminal_seats ... FAILED
test unfinished_capture_remains_quarantined ... FAILED
test opening_capture_seat_sequences_concession_and_owned_reset ... FAILED

failures:

---- zero_decision_and_nonacting_terminal_seats stdout ----

thread 'zero_decision_and_nonacting_terminal_seats' (643) panicked at crates/mtg-core/tests/capture.rs:88:31:
owned canonical episode
note: run with `RUST_BACKTRACE=1` environment variable to display a backtrace

---- unfinished_capture_remains_quarantined stdout ----

thread 'unfinished_capture_remains_quarantined' (642) panicked at crates/mtg-core/tests/capture.rs:63:36:
capture must retain every accepted decision

---- opening_capture_seat_sequences_concession_and_owned_reset stdout ----

thread 'opening_capture_seat_sequences_concession_and_owned_reset' (641) panicked at crates/mtg-core/tests/capture.rs:63:36:
capture must retain every accepted decision


failures:
    opening_capture_seat_sequences_concession_and_owned_reset
    unfinished_capture_remains_quarantined
    zero_decision_and_nonacting_terminal_seats

test result: FAILED. 0 passed; 3 failed; 0 ignored; 0 measured; 0 filtered out; finished in 0.02s

error: test failed, to rerun pass `-p mtg-core --test capture`
