   Compiling mtg-policy v0.1.0 (/home/agent/.local/share/mtg-lab-symphony/workspaces/GH-118/crates/mtg-policy)
    Finished `test` profile [unoptimized + debuginfo] target(s) in 0.37s
     Running unittests src/lib.rs (target/debug/deps/mtg_policy-d213a4af0142c20b)

running 1 test
test tests::bounded_rejects_bias_tail_and_handles_extremes ... ok

test result: ok. 1 passed; 0 failed; 0 ignored; 0 measured; 0 filtered out; finished in 0.00s

     Running tests/games.rs (target/debug/deps/games-2dcbf68699cb5073)

running 5 tests
test reachable_red_mountain_swab_goblin_supported_content ... ok
test reachable_both_seat_land_creature_spells_combat_and_damage ... ok
test hidden_twins_evaluation_nonmutation_and_rejected_candidates ... ok
test hidden_twins_during_target_payment_and_factored_combat ... ok
start=0 policy_seed=0 episode=0 terminal decisions=[1311, 1120] outcome={"losses":["EmptyDraw",null],"winner":"P1"}
start=0 policy_seed=42 episode=7 terminal decisions=[1346, 1228] outcome={"losses":["EmptyDraw",null],"winner":"P1"}
start=0 policy_seed=1 episode=1 terminal decisions=[1218, 1184] outcome={"losses":[null,"EmptyDraw"],"winner":"P0"}
start=1 policy_seed=0 episode=0 terminal decisions=[1221, 972] outcome={"losses":["EmptyDraw",null],"winner":"P1"}
start=1 policy_seed=42 episode=7 terminal decisions=[986, 955] outcome={"losses":["Life",null],"winner":"P1"}
start=1 policy_seed=1 episode=1 terminal decisions=[1041, 987] outcome={"losses":["EmptyDraw",null],"winner":"P1"}
test seeded_complete_games_both_seats_and_explicit_truncation ... ok

test result: ok. 5 passed; 0 failed; 0 ignored; 0 measured; 0 filtered out; finished in 20.76s

     Running tests/selection.rs (target/debug/deps/selection-389b7fe423d538ab)

running 7 tests
test explicit_errors_no_unsupported_fallback ... ok
test factored_vectors_have_declared_distribution ... ok
test literal_masked_selection_vectors_both_seats ... ok
test newly_enabled_unsupported_card_is_an_error_not_a_fallback ... ok
test three_recipient_distribution_is_sequential_not_uniform_compositions ... ok
test ordered_without_replacement_vector ... ok
test episode_vectors_interleaving_and_invalid_inputs_do_not_advance_stream ... ok

test result: ok. 7 passed; 0 failed; 0 ignored; 0 measured; 0 filtered out; finished in 0.00s

   Doc-tests mtg_policy

running 0 tests

test result: ok. 0 passed; 0 failed; 0 ignored; 0 measured; 0 filtered out; finished in 0.00s

