Symphony resource lock: waiting for heavy (0s elapsed)
Symphony resource lock: waiting for heavy (30s elapsed)
Symphony resource lock: waiting for heavy (60s elapsed)
Symphony resource lock: waiting for heavy (90s elapsed)
Symphony resource lock: waiting for heavy (120s elapsed)
Symphony resource lock: waiting for heavy (150s elapsed)
Symphony resource lock: waiting for heavy (180s elapsed)
Symphony resource lock: waiting for heavy (210s elapsed)
Symphony resource lock: waiting for heavy (240s elapsed)
Symphony resource lock: waiting for heavy (270s elapsed)
Symphony resource lock: waiting for heavy (300s elapsed)
Symphony resource lock: waiting for heavy (331s elapsed)
Symphony resource lock: waiting for heavy (361s elapsed)
Symphony resource lock: waiting for heavy (391s elapsed)
Symphony resource lock: waiting for heavy (421s elapsed)
Symphony resource lock: waiting for heavy (451s elapsed)
Symphony resource lock: waiting for heavy (481s elapsed)
Symphony resource lock: waiting for heavy (511s elapsed)
Symphony resource lock: waiting for heavy (541s elapsed)
Symphony resource lock: waiting for heavy (571s elapsed)
Symphony resource lock: waiting for heavy (601s elapsed)
Symphony resource lock: waiting for heavy (631s elapsed)
Symphony resource lock: waiting for heavy (661s elapsed)
Symphony resource lock: waiting for heavy (691s elapsed)
Symphony resource lock: waiting for heavy (721s elapsed)
Symphony resource lock: waiting for heavy (751s elapsed)
Symphony resource lock: waiting for heavy (781s elapsed)
Symphony resource lock: waiting for heavy (811s elapsed)
Symphony resource lock: waiting for heavy (842s elapsed)
Symphony resource lock: waiting for heavy (872s elapsed)
Symphony resource lock: waiting for heavy (902s elapsed)
Symphony resource lock: waiting for heavy (932s elapsed)
Symphony resource lock: waiting for heavy (962s elapsed)
Symphony resource lock: waiting for heavy (992s elapsed)
Symphony resource lock: waiting for heavy (1022s elapsed)
Symphony resource lock: waiting for heavy (1052s elapsed)
Symphony resource lock: waiting for heavy (1082s elapsed)
Symphony resource lock: waiting for heavy (1112s elapsed)
Symphony resource lock: waiting for heavy (1142s elapsed)
Symphony resource lock: waiting for heavy (1172s elapsed)
Symphony resource lock: waiting for heavy (1202s elapsed)
Symphony resource lock: waiting for heavy (1232s elapsed)
Symphony resource lock: waiting for heavy (1262s elapsed)
Symphony resource lock: waiting for heavy (1292s elapsed)
Symphony resource lock: waiting for heavy (1322s elapsed)
Symphony resource lock: waiting for heavy (1352s elapsed)
Symphony resource lock: waiting for heavy (1382s elapsed)
Symphony resource lock: acquired heavy after waiting
   Compiling mtg-core v0.0.0 (/home/agent/.local/share/mtg-lab-symphony/workspaces/GH-271/crates/mtg-core)
    Finished `test` profile [optimized + debuginfo] target(s) in 12.35s
     Running unittests src/lib.rs (target/debug/deps/mtg_core-8a8a04bfce16af5e)

running 1 test
test game::full_pool_reference_tests::full_pool_priority_literal_checkpoints ... ok

test result: ok. 1 passed; 0 failed; 0 ignored; 0 measured; 314 filtered out; finished in 2.83s

