Symphony resource lock: waiting for heavy (0s elapsed)
Symphony resource lock: waiting for heavy (30s elapsed)
Symphony resource lock: waiting for heavy (60s elapsed)
Symphony resource lock: waiting for heavy (90s elapsed)
Symphony resource lock: waiting for heavy (120s elapsed)
Symphony resource lock: waiting for heavy (150s elapsed)
Symphony resource lock: waiting for heavy (180s elapsed)
Symphony resource lock: waiting for heavy (210s elapsed)
Symphony resource lock: waiting for heavy (240s elapsed)
Symphony resource lock: waiting for heavy (270s elapsed)
Symphony resource lock: waiting for heavy (300s elapsed)
Symphony resource lock: waiting for heavy (331s elapsed)
Symphony resource lock: waiting for heavy (361s elapsed)
Symphony resource lock: waiting for heavy (391s elapsed)
Symphony resource lock: waiting for heavy (421s elapsed)
Symphony resource lock: waiting for heavy (451s elapsed)
Symphony resource lock: waiting for heavy (481s elapsed)
Symphony resource lock: waiting for heavy (511s elapsed)
Symphony resource lock: waiting for heavy (541s elapsed)
Symphony resource lock: waiting for heavy (571s elapsed)
Symphony resource lock: waiting for heavy (601s elapsed)
Symphony resource lock: waiting for heavy (631s elapsed)
Symphony resource lock: waiting for heavy (661s elapsed)
Symphony resource lock: waiting for heavy (691s elapsed)
Symphony resource lock: waiting for heavy (721s elapsed)
Symphony resource lock: waiting for heavy (751s elapsed)
Symphony resource lock: waiting for heavy (781s elapsed)
Symphony resource lock: waiting for heavy (811s elapsed)
Symphony resource lock: waiting for heavy (841s elapsed)
Symphony resource lock: waiting for heavy (871s elapsed)
Symphony resource lock: waiting for heavy (901s elapsed)
Symphony resource lock: waiting for heavy (931s elapsed)
Symphony resource lock: waiting for heavy (962s elapsed)
Symphony resource lock: waiting for heavy (992s elapsed)
Symphony resource lock: waiting for heavy (1022s elapsed)
Symphony resource lock: waiting for heavy (1052s elapsed)
Symphony resource lock: waiting for heavy (1082s elapsed)
Symphony resource lock: waiting for heavy (1112s elapsed)
Symphony resource lock: waiting for heavy (1142s elapsed)
Symphony resource lock: waiting for heavy (1172s elapsed)
Symphony resource lock: waiting for heavy (1202s elapsed)
Symphony resource lock: waiting for heavy (1232s elapsed)
Symphony resource lock: waiting for heavy (1262s elapsed)
Symphony resource lock: waiting for heavy (1292s elapsed)
Symphony resource lock: waiting for heavy (1322s elapsed)
Symphony resource lock: waiting for heavy (1352s elapsed)
Symphony resource lock: waiting for heavy (1382s elapsed)
Symphony resource lock: waiting for heavy (1412s elapsed)
Symphony resource lock: waiting for heavy (1443s elapsed)
Symphony resource lock: waiting for heavy (1473s elapsed)
Symphony resource lock: waiting for heavy (1503s elapsed)
Symphony resource lock: waiting for heavy (1533s elapsed)
Symphony resource lock: waiting for heavy (1563s elapsed)
Symphony resource lock: waiting for heavy (1593s elapsed)
Symphony resource lock: waiting for heavy (1623s elapsed)
Symphony resource lock: waiting for heavy (1653s elapsed)
Symphony resource lock: waiting for heavy (1683s elapsed)
Symphony resource lock: waiting for heavy (1713s elapsed)
Symphony resource lock: waiting for heavy (1743s elapsed)
Symphony resource lock: waiting for heavy (1773s elapsed)
Symphony resource lock: waiting for heavy (1803s elapsed)
Symphony resource lock: waiting for heavy (1833s elapsed)
Symphony resource lock: waiting for heavy (1863s elapsed)
Symphony resource lock: waiting for heavy (1893s elapsed)
Symphony resource lock: waiting for heavy (1923s elapsed)
Symphony resource lock: waiting for heavy (1953s elapsed)
Symphony resource lock: waiting for heavy (1983s elapsed)
Symphony resource lock: waiting for heavy (2013s elapsed)
Symphony resource lock: waiting for heavy (2043s elapsed)
Symphony resource lock: waiting for heavy (2074s elapsed)
Symphony resource lock: waiting for heavy (2104s elapsed)
Symphony resource lock: waiting for heavy (2134s elapsed)
Symphony resource lock: waiting for heavy (2164s elapsed)
Symphony resource lock: waiting for heavy (2194s elapsed)
Symphony resource lock: waiting for heavy (2224s elapsed)
Symphony resource lock: waiting for heavy (2254s elapsed)
Symphony resource lock: waiting for heavy (2284s elapsed)
Symphony resource lock: waiting for heavy (2314s elapsed)
Symphony resource lock: waiting for heavy (2344s elapsed)
Symphony resource lock: waiting for heavy (2374s elapsed)
Symphony resource lock: waiting for heavy (2404s elapsed)
Symphony resource lock: waiting for heavy (2434s elapsed)
Symphony resource lock: waiting for heavy (2464s elapsed)
Symphony resource lock: waiting for heavy (2494s elapsed)
Symphony resource lock: waiting for heavy (2524s elapsed)
Symphony resource lock: waiting for heavy (2554s elapsed)
Symphony resource lock: waiting for heavy (2584s elapsed)
Symphony resource lock: waiting for heavy (2614s elapsed)
Symphony resource lock: waiting for heavy (2645s elapsed)
Symphony resource lock: waiting for heavy (2675s elapsed)
Symphony resource lock: waiting for heavy (2705s elapsed)
Symphony resource lock: waiting for heavy (2735s elapsed)
Symphony resource lock: waiting for heavy (2765s elapsed)
Symphony resource lock: waiting for heavy (2795s elapsed)
Symphony resource lock: waiting for heavy (2825s elapsed)
Symphony resource lock: waiting for heavy (2855s elapsed)
Symphony resource lock: waiting for heavy (2885s elapsed)
Symphony resource lock: waiting for heavy (2915s elapsed)
Symphony resource lock: waiting for heavy (2945s elapsed)
Symphony resource lock: waiting for heavy (2975s elapsed)
Symphony resource lock: waiting for heavy (3005s elapsed)
Symphony resource lock: waiting for heavy (3035s elapsed)
Symphony resource lock: waiting for heavy (3065s elapsed)
Symphony resource lock: waiting for heavy (3096s elapsed)
Symphony resource lock: waiting for heavy (3126s elapsed)
Symphony resource lock: waiting for heavy (3156s elapsed)
Symphony resource lock: acquired heavy after waiting
F
======================================================================
FAIL: test_real_client_reaches_played_priority (test_m2_repair_priority.PriorityTests.test_real_client_reaches_played_priority)
----------------------------------------------------------------------
Traceback (most recent call last):
  File "/home/agent/.local/share/mtg-lab-symphony/workspaces/GH-271/tests/test_m2_repair_priority.py", line 20, in test_real_client_reaches_played_priority
    self.assertEqual(points[-1]['boundary'], 'second_creature_resolved')
AssertionError: 'first_upkeep' != 'second_creature_resolved'
- first_upkeep
+ second_creature_resolved


----------------------------------------------------------------------
Ran 1 test in 19.045s

FAILED (failures=1)
