   Compiling version_check v0.9.5
   Compiling proc-macro2 v1.0.107
   Compiling unicode-ident v1.0.26
   Compiling quote v1.0.47
   Compiling typenum v1.20.1
   Compiling generic-array v0.14.7
   Compiling libc v0.2.189
   Compiling serde_core v1.0.229
   Compiling zmij v1.0.23
   Compiling syn v3.0.6
   Compiling block-buffer v0.10.4
   Compiling crypto-common v0.1.7
   Compiling serde v1.0.229
   Compiling serde_json v1.0.151
   Compiling digest v0.10.7
   Compiling cpufeatures v0.2.17
   Compiling memchr v2.8.3
   Compiling cfg-if v1.0.5
   Compiling itoa v1.0.18
   Compiling sha2 v0.10.9
   Compiling serde_derive v1.0.229
   Compiling mtg-core v0.0.0 (/home/agent/.local/share/mtg-lab-symphony/workspaces/GH-196/crates/mtg-core)
    Finished `test` profile [unoptimized + debuginfo] target(s) in 10.44s
     Running unittests src/lib.rs (target/debug/deps/mtg_core-6a433e9b4f35bac6)

running 3 tests
test game::combat::tests::flying_reach_sentry_attacking_is_blockable_by_cub ... FAILED
test game::combat::tests::flying_reach_sentry_blocks_five_five_and_dies ... FAILED
test game::combat::tests::flying_reach_illegal_cub_block_is_atomic ... FAILED

failures:

---- game::combat::tests::flying_reach_sentry_attacking_is_blockable_by_cub stdout ----

thread 'game::combat::tests::flying_reach_sentry_attacking_is_blockable_by_cub' (2586) panicked at crates/mtg-core/src/combat_tests.rs:36:6:
called `Result::unwrap()` on an `Err` value: UnsupportedCombat

---- game::combat::tests::flying_reach_sentry_blocks_five_five_and_dies stdout ----

thread 'game::combat::tests::flying_reach_sentry_blocks_five_five_and_dies' (2587) panicked at crates/mtg-core/src/combat_tests.rs:36:6:
called `Result::unwrap()` on an `Err` value: UnsupportedCombat
note: run with `RUST_BACKTRACE=1` environment variable to display a backtrace

---- game::combat::tests::flying_reach_illegal_cub_block_is_atomic stdout ----

thread 'game::combat::tests::flying_reach_illegal_cub_block_is_atomic' (2585) panicked at crates/mtg-core/src/combat_tests.rs:996:5:
assertion `left == right` failed
  left: Ok(TurnDecision { id: DecisionId { scope: 2, generation: 11 }, actor: P1, kind: Combat(Blockers) })
 right: Err(IllegalBlocker)


failures:
    game::combat::tests::flying_reach_illegal_cub_block_is_atomic
    game::combat::tests::flying_reach_sentry_attacking_is_blockable_by_cub
    game::combat::tests::flying_reach_sentry_blocks_five_five_and_dies

test result: FAILED. 0 passed; 3 failed; 0 ignored; 0 measured; 190 filtered out; finished in 0.01s

error: test failed, to rerun pass `-p mtg-core --lib`
