   Compiling version_check v0.9.5
   Compiling proc-macro2 v1.0.107
   Compiling unicode-ident v1.0.26
   Compiling quote v1.0.47
   Compiling typenum v1.20.1
   Compiling generic-array v0.14.7
   Compiling serde_core v1.0.229
   Compiling libc v0.2.189
   Compiling zmij v1.0.23
   Compiling syn v3.0.6
   Compiling crypto-common v0.1.7
   Compiling block-buffer v0.10.4
   Compiling serde v1.0.229
   Compiling serde_json v1.0.151
   Compiling cpufeatures v0.2.17
   Compiling digest v0.10.7
   Compiling memchr v2.8.3
   Compiling cfg-if v1.0.5
   Compiling itoa v1.0.18
   Compiling sha2 v0.10.9
   Compiling serde_derive v1.0.229
   Compiling mtg-core v0.0.0 (/home/agent/.local/share/mtg-lab-symphony/workspaces/GH-208/crates/mtg-core)
   Compiling mtg-policy v0.1.0 (/home/agent/.local/share/mtg-lab-symphony/workspaces/GH-208/crates/mtg-policy)
    Finished `test` profile [optimized + debuginfo] target(s) in 9.21s
     Running tests/full_pool.rs (target/debug/deps/full_pool-b52ca471ff6e7ded)

running 3 tests
test full_pool_player_targets_and_missing_choices_are_explicit ... FAILED
test full_pool_trigger_permutation_uses_existing_rng_and_stable_heuristic_order ... FAILED
test full_pool_trigger_creatures_are_supported_without_pass_fallback ... FAILED

failures:

---- full_pool_player_targets_and_missing_choices_are_explicit stdout ----

thread 'full_pool_player_targets_and_missing_choices_are_explicit' (731) panicked at crates/mtg-policy/tests/full_pool.rs:53:5:
assertion failed: random.is_ok()
note: run with `RUST_BACKTRACE=1` environment variable to display a backtrace

---- full_pool_trigger_permutation_uses_existing_rng_and_stable_heuristic_order stdout ----

thread 'full_pool_trigger_permutation_uses_existing_rng_and_stable_heuristic_order' (733) panicked at crates/mtg-policy/tests/full_pool.rs:42:5:
assertion `left == right` failed
  left: Err(UnsupportedDecision)
 right: Ok([OrderTrigger { trigger: 2 }, OrderTrigger { trigger: 0 }, OrderTrigger { trigger: 1 }])

---- full_pool_trigger_creatures_are_supported_without_pass_fallback stdout ----

thread 'full_pool_trigger_creatures_are_supported_without_pass_fallback' (732) panicked at crates/mtg-policy/tests/full_pool.rs:25:39:
assertion `left == right` failed: firebrand-archer
  left: Err(UnsupportedContent)
 right: Ok([Cast { card: VisibleRef { zone: Hand, row: 0 } }])


failures:
    full_pool_player_targets_and_missing_choices_are_explicit
    full_pool_trigger_creatures_are_supported_without_pass_fallback
    full_pool_trigger_permutation_uses_existing_rng_and_stable_heuristic_order

test result: FAILED. 0 passed; 3 failed; 0 ignored; 0 measured; 0 filtered out; finished in 0.00s

error: test failed, to rerun pass `-p mtg-policy --test full_pool`
