E.E
======================================================================
ERROR: test_malformed_and_missing_json_remain_explicit (test_unattended_measure.MeasurementFailures.test_malformed_and_missing_json_remain_explicit)
----------------------------------------------------------------------
Traceback (most recent call last):
  File "/home/agent/.local/share/mtg-lab-symphony/workspaces/GH-21/tests/test_unattended_measure.py", line 28, in test_malformed_and_missing_json_remain_explicit
    row = MEASURE.attempt([sys.executable, "-c", f"print({output!r}, end='')"],
          ^^^^^^^^^^^^^^^^^^^^^^^^^^^^^^^^^^^^^^^^^^^^^^^^^^^^^^^^^^^^^^^^^^^^^
  File "/home/agent/.local/share/mtg-lab-symphony/workspaces/GH-21/doc/evidence/unattended-integration/measure.py", line 30, in attempt
    "result": json.loads(p.stdout) if p.stdout else None}
              ^^^^^^^^^^^^^^^^^^^^
  File "/usr/lib/python3.12/json/__init__.py", line 346, in loads
    return _default_decoder.decode(s)
           ^^^^^^^^^^^^^^^^^^^^^^^^^^
  File "/usr/lib/python3.12/json/decoder.py", line 337, in decode
    obj, end = self.raw_decode(s, idx=_w(s, 0).end())
               ^^^^^^^^^^^^^^^^^^^^^^^^^^^^^^^^^^^^^^
  File "/usr/lib/python3.12/json/decoder.py", line 355, in raw_decode
    raise JSONDecodeError("Expecting value", s, err.value) from None
json.decoder.JSONDecodeError: Expecting value: line 1 column 1 (char 0)

======================================================================
ERROR: test_timeout_retains_attempt_and_partial_output (test_unattended_measure.MeasurementFailures.test_timeout_retains_attempt_and_partial_output)
----------------------------------------------------------------------
Traceback (most recent call last):
  File "/home/agent/.local/share/mtg-lab-symphony/workspaces/GH-21/tests/test_unattended_measure.py", line 17, in test_timeout_retains_attempt_and_partial_output
    row = MEASURE.attempt(
          ^^^^^^^^^^^^^^^^
  File "/home/agent/.local/share/mtg-lab-symphony/workspaces/GH-21/doc/evidence/unattended-integration/measure.py", line 26, in attempt
    p = subprocess.run(command, stdin=subprocess.DEVNULL, capture_output=True,
        ^^^^^^^^^^^^^^^^^^^^^^^^^^^^^^^^^^^^^^^^^^^^^^^^^^^^^^^^^^^^^^^^^^^^^^
  File "/usr/lib/python3.12/subprocess.py", line 550, in run
    stdout, stderr = process.communicate(input, timeout=timeout)
                     ^^^^^^^^^^^^^^^^^^^^^^^^^^^^^^^^^^^^^^^^^^^
  File "/usr/lib/python3.12/subprocess.py", line 1209, in communicate
    stdout, stderr = self._communicate(input, endtime, timeout)
                     ^^^^^^^^^^^^^^^^^^^^^^^^^^^^^^^^^^^^^^^^^^
  File "/usr/lib/python3.12/subprocess.py", line 2116, in _communicate
    self._check_timeout(endtime, orig_timeout, stdout, stderr)
  File "/usr/lib/python3.12/subprocess.py", line 1253, in _check_timeout
    raise TimeoutExpired(
subprocess.TimeoutExpired: Command '['/usr/bin/python3', '-c', "import time; print('partial', flush=True); time.sleep(10)"]' timed out after 0.5 seconds

----------------------------------------------------------------------
Ran 3 tests in 0.519s

FAILED (errors=2)
