   Compiling mtg-policy v0.1.0 (/home/agent/.local/share/mtg-lab-symphony/workspaces/GH-119/crates/mtg-policy)
    Finished `test` profile [unoptimized + debuginfo] target(s) in 0.64s
     Running unittests src/lib.rs (target/debug/deps/mtg_policy-d213a4af0142c20b)

running 1 test
test tests::bounded_rejects_bias_tail_and_handles_extremes ... ok

test result: ok. 1 passed; 0 failed; 0 ignored; 0 measured; 0 filtered out; finished in 0.00s

     Running tests/games.rs (target/debug/deps/games-2dcbf68699cb5073)

running 5 tests
test reachable_red_mountain_swab_goblin_supported_content ... ok
test reachable_both_seat_land_creature_spells_combat_and_damage ... ok
test hidden_twins_evaluation_nonmutation_and_rejected_candidates ... ok
test hidden_twins_during_target_payment_and_factored_combat ... ok
test seeded_complete_games_both_seats_and_explicit_truncation ... ok

test result: ok. 5 passed; 0 failed; 0 ignored; 0 measured; 0 filtered out; finished in 20.93s

     Running tests/heuristic.rs (target/debug/deps/heuristic-20fb6b02136b30a1)

running 6 tests
test heuristic_attack_block_allocate_then_finish ... ok
test heuristic_opening_discard_and_bottom_values ... ok
test heuristic_land_creature_response_and_mask_ties ... ok
test heuristic_errors_never_default_to_pass ... ok
test heuristic_payment_prefers_progress_and_needed_color ... ok
test heuristic_target_scores_and_cancellation ... ok

test result: ok. 6 passed; 0 failed; 0 ignored; 0 measured; 0 filtered out; finished in 0.00s

     Running tests/heuristic_games.rs (target/debug/deps/heuristic_games-8abafc46ca4e3467)

running 3 tests
test heuristic_opponent_hand_twins_at_normal_opening ... ok
test heuristic_hidden_library_twins_through_real_payment_and_combat ... ok
test heuristic_complete_games_both_seats_repeat_and_account_terminal ... ok

test result: ok. 3 passed; 0 failed; 0 ignored; 0 measured; 0 filtered out; finished in 2.72s

     Running tests/selection.rs (target/debug/deps/selection-389b7fe423d538ab)

running 7 tests
test explicit_errors_no_unsupported_fallback ... ok
test factored_vectors_have_declared_distribution ... ok
test literal_masked_selection_vectors_both_seats ... ok
test newly_enabled_unsupported_card_is_an_error_not_a_fallback ... ok
test ordered_without_replacement_vector ... ok
test three_recipient_distribution_is_sequential_not_uniform_compositions ... ok
test episode_vectors_interleaving_and_invalid_inputs_do_not_advance_stream ... ok

test result: ok. 7 passed; 0 failed; 0 ignored; 0 measured; 0 filtered out; finished in 0.00s

   Doc-tests mtg_policy

running 0 tests

test result: ok. 0 passed; 0 failed; 0 ignored; 0 measured; 0 filtered out; finished in 0.00s

