   Compiling version_check v0.9.5
   Compiling proc-macro2 v1.0.107
   Compiling unicode-ident v1.0.26
   Compiling quote v1.0.47
   Compiling typenum v1.20.1
   Compiling generic-array v0.14.7
   Compiling libc v0.2.189
   Compiling serde_core v1.0.229
   Compiling zmij v1.0.23
   Compiling syn v3.0.6
   Compiling crypto-common v0.1.7
   Compiling block-buffer v0.10.4
   Compiling serde_json v1.0.151
   Compiling serde v1.0.229
   Compiling cpufeatures v0.2.17
   Compiling digest v0.10.7
   Compiling cfg-if v1.0.5
   Compiling memchr v2.8.3
   Compiling itoa v1.0.18
   Compiling sha2 v0.10.9
   Compiling serde_derive v1.0.229
   Compiling mtg-core v0.0.0 (/home/agent/.local/share/mtg-lab-symphony/workspaces/GH-136/crates/mtg-core)
    Finished `test` profile [unoptimized + debuginfo] target(s) in 7.67s
     Running unittests src/lib.rs (target/debug/deps/mtg_core-6a433e9b4f35bac6)

running 1 test
test game::instant_reference_tests::instant_shared_script_literal_expectations ... FAILED

failures:

---- game::instant_reference_tests::instant_shared_script_literal_expectations stdout ----

thread 'game::instant_reference_tests::instant_shared_script_literal_expectations' (2190) panicked at crates/mtg-core/src/instant_reference_tests.rs:12:9:
assertion `left == right` failed
  left: Array []
 right: Array [Object {"name": String("initial"), "state": Object {"active": Number(0), "damage_events": Array [], "life": Array [Number(20), Number(20)], "mana": Array [Array [Number(0), Number(0), Number(0), Number(0), Number(0), Number(0)], Array [Number(0), Number(0), Number(0), Number(0), Number(0), Number(0)]], "objects": Array [Object {"card": String("bear-cub"), "damage": Number(0), "id": String("source"), "owner": Number(0), "power": Number(2), "tapped": Bool(false), "toughness": Number(2), "zone": String("battlefield")}, Object {"card": String("bear-cub"), "damage": Number(0), "id": String("destination"), "owner": Number(1), "power": Number(2), "tapped": Bool(false), "toughness": Number(2), "zone": String("battlefield")}, Object {"card": String("forest"), "damage": Null, "id": String("green0"), "owner": Number(0), "power": Null, "tapped": Bool(false), "toughness": Null, "zone": String("battlefield")}, Object {"card": String("mountain"), "damage": Null, "id": String("red0"), "owner": Number(0), "power": Null, "tapped": Bool(false), "toughness": Null, "zone": String("battlefield")}, Object {"card": String("forest"), "damage": Null, "id": String("green1"), "owner": Number(1), "power": Null, "tapped": Bool(false), "toughness": Null, "zone": String("battlefield")}, Object {"card": String("bite-down"), "damage": Null, "id": String("bite"), "owner": Number(0), "power": Null, "tapped": Bool(false), "toughness": Null, "zone": String("hand")}, Object {"card": String("giant-growth"), "damage": Null, "id": String("growth"), "owner": Number(1), "power": Null, "tapped": Bool(false), "toughness": Null, "zone": String("hand")}], "priority": Number(0), "stack": Array [], "step": String("upkeep"), "turn": Number(1)}}, Object {"name": String("bite-cast"), "state": Object {"active": Number(0), "damage_events": Array [], "life": Array [Number(20), Number(20)], "mana": Array [Array [Number(0), Number(0), Number(0), Number(0), Number(0), Number(0)], Array [Number(0), Number(0), Number(0), Number(0), Number(0), Number(0)]], "objects": Array [Object {"card": String("bear-cub"), "damage": Number(0), "id": String("source"), "owner": Number(0), "power": Number(2), "tapped": Bool(false), "toughness": Number(2), "zone": String("battlefield")}, Object {"card": String("bear-cub"), "damage": Number(0), "id": String("destination"), "owner": Number(1), "power": Number(2), "tapped": Bool(false), "toughness": Number(2), "zone": String("battlefield")}, Object {"card": String("forest"), "damage": Null, "id": String("green0"), "owner": Number(0), "power": Null, "tapped": Bool(true), "toughness": Null, "zone": String("battlefield")}, Object {"card": String("mountain"), "damage": Null, "id": String("red0"), "owner": Number(0), "power": Null, "tapped": Bool(true), "toughness": Null, "zone": String("battlefield")}, Object {"card": String("forest"), "damage": Null, "id": String("green1"), "owner": Number(1), "power": Null, "tapped": Bool(false), "toughness": Null, "zone": String("battlefield")}, Object {"card": String("bite-down"), "damage": Null, "id": String("bite"), "owner": Number(0), "power": Null, "tapped": Bool(false), "toughness": Null, "zone": String("stack")}, Object {"card": String("giant-growth"), "damage": Null, "id": String("growth"), "owner": Number(1), "power": Null, "tapped": Bool(false), "toughness": Null, "zone": String("hand")}], "priority": Number(0), "stack": Array [Object {"controller": Number(0), "id": String("bite"), "targets": Array [String("source"), String("destination")]}], "step": String("upkeep"), "turn": Number(1)}}, Object {"name": String("response-cast"), "state": Object {"active": Number(0), "damage_events": Array [], "life": Array [Number(20), Number(20)], "mana": Array [Array [Number(0), Number(0), Number(0), Number(0), Number(0), Number(0)], Array [Number(0), Number(0), Number(0), Number(0), Number(0), Number(0)]], "objects": Array [Object {"card": String("bear-cub"), "damage": Number(0), "id": String("source"), "owner": Number(0), "power": Number(2), "tapped": Bool(false), "toughness": Number(2), "zone": String("battlefield")}, Object {"card": String("bear-cub"), "damage": Number(0), "id": String("destination"), "owner": Number(1), "power": Number(2), "tapped": Bool(false), "toughness": Number(2), "zone": String("battlefield")}, Object {"card": String("forest"), "damage": Null, "id": String("green0"), "owner": Number(0), "power": Null, "tapped": Bool(true), "toughness": Null, "zone": String("battlefield")}, Object {"card": String("mountain"), "damage": Null, "id": String("red0"), "owner": Number(0), "power": Null, "tapped": Bool(true), "toughness": Null, "zone": String("battlefield")}, Object {"card": String("forest"), "damage": Null, "id": String("green1"), "owner": Number(1), "power": Null, "tapped": Bool(true), "toughness": Null, "zone": String("battlefield")}, Object {"card": String("bite-down"), "damage": Null, "id": String("bite"), "owner": Number(0), "power": Null, "tapped": Bool(false), "toughness": Null, "zone": String("stack")}, Object {"card": String("giant-growth"), "damage": Null, "id": String("growth"), "owner": Number(1), "power": Null, "tapped": Bool(false), "toughness": Null, "zone": String("stack")}], "priority": Number(1), "stack": Array [Object {"controller": Number(0), "id": String("bite"), "targets": Array [String("source"), String("destination")]}, Object {"controller": Number(1), "id": String("growth"), "targets": Array [String("destination")]}], "step": String("upkeep"), "turn": Number(1)}}, Object {"name": String("growth-resolved"), "state": Object {"active": Number(0), "damage_events": Array [], "life": Array [Number(20), Number(20)], "mana": Array [Array [Number(0), Number(0), Number(0), Number(0), Number(0), Number(0)], Array [Number(0), Number(0), Number(0), Number(0), Number(0), Number(0)]], "objects": Array [Object {"card": String("bear-cub"), "damage": Number(0), "id": String("source"), "owner": Number(0), "power": Number(2), "tapped": Bool(false), "toughness": Number(2), "zone": String("battlefield")}, Object {"card": String("bear-cub"), "damage": Number(0), "id": String("destination"), "owner": Number(1), "power": Number(5), "tapped": Bool(false), "toughness": Number(5), "zone": String("battlefield")}, Object {"card": String("forest"), "damage": Null, "id": String("green0"), "owner": Number(0), "power": Null, "tapped": Bool(true), "toughness": Null, "zone": String("battlefield")}, Object {"card": String("mountain"), "damage": Null, "id": String("red0"), "owner": Number(0), "power": Null, "tapped": Bool(true), "toughness": Null, "zone": String("battlefield")}, Object {"card": String("forest"), "damage": Null, "id": String("green1"), "owner": Number(1), "power": Null, "tapped": Bool(true), "toughness": Null, "zone": String("battlefield")}, Object {"card": String("bite-down"), "damage": Null, "id": String("bite"), "owner": Number(0), "power": Null, "tapped": Bool(false), "toughness": Null, "zone": String("stack")}, Object {"card": String("giant-growth"), "damage": Null, "id": String("growth"), "owner": Number(1), "power": Null, "tapped": Bool(false), "toughness": Null, "zone": String("graveyard")}], "priority": Number(0), "stack": Array [Object {"controller": Number(0), "id": String("bite"), "targets": Array [String("source"), String("destination")]}], "step": String("upkeep"), "turn": Number(1)}}, Object {"name": String("bite-resolved"), "state": Object {"active": Number(0), "damage_events": Array [Object {"amount": Number(2), "source": String("source"), "target": String("destination")}], "life": Array [Number(20), Number(20)], "mana": Array [Array [Number(0), Number(0), Number(0), Number(0), Number(0), Number(0)], Array [Number(0), Number(0), Number(0), Number(0), Number(0), Number(0)]], "objects": Array [Object {"card": String("bear-cub"), "damage": Number(0), "id": String("source"), "owner": Number(0), "power": Number(2), "tapped": Bool(false), "toughness": Number(2), "zone": String("battlefield")}, Object {"card": String("bear-cub"), "damage": Number(2), "id": String("destination"), "owner": Number(1), "power": Number(5), "tapped": Bool(false), "toughness": Number(5), "zone": String("battlefield")}, Object {"card": String("forest"), "damage": Null, "id": String("green0"), "owner": Number(0), "power": Null, "tapped": Bool(true), "toughness": Null, "zone": String("battlefield")}, Object {"card": String("mountain"), "damage": Null, "id": String("red0"), "owner": Number(0), "power": Null, "tapped": Bool(true), "toughness": Null, "zone": String("battlefield")}, Object {"card": String("forest"), "damage": Null, "id": String("green1"), "owner": Number(1), "power": Null, "tapped": Bool(true), "toughness": Null, "zone": String("battlefield")}, Object {"card": String("bite-down"), "damage": Null, "id": String("bite"), "owner": Number(0), "power": Null, "tapped": Bool(false), "toughness": Null, "zone": String("graveyard")}, Object {"card": String("giant-growth"), "damage": Null, "id": String("growth"), "owner": Number(1), "power": Null, "tapped": Bool(false), "toughness": Null, "zone": String("graveyard")}], "priority": Number(0), "stack": Array [], "step": String("upkeep"), "turn": Number(1)}}]
note: run with `RUST_BACKTRACE=1` environment variable to display a backtrace


failures:
    game::instant_reference_tests::instant_shared_script_literal_expectations

test result: FAILED. 0 passed; 1 failed; 0 ignored; 0 measured; 135 filtered out; finished in 0.00s

error: test failed, to rerun pass `-p mtg-core --lib`
