   Compiling mtg-core v0.0.0 (/home/agent/.local/share/mtg-lab-symphony/workspaces/GH-152/crates/mtg-core)
    Finished `test` profile [unoptimized + debuginfo] target(s) in 1.19s
     Running unittests src/lib.rs (target/debug/deps/mtg_core-6a433e9b4f35bac6)

running 9 tests
test game::trajectory_v2_tests::trajectory_v2_cleanup_multiple_discards_draw_failure_and_nonacting_reward ... ok
test game::trajectory_v2_tests::trajectory_v2_ordered_bottom_owned_and_atomic_rejections ... ok
test game::trajectory_v2_tests::trajectory_v2_invalid_maps_allocations_and_target_cancellation ... ok
test game::trajectory_v2_tests::trajectory_v2_combat_domains_subsets_maps_allocations_and_backtracking ... ok
test game::trajectory_v2_tests::trajectory_v2_rejection_matrix_is_transactional ... ok
test game::trajectory_v2_tests::trajectory_v2_same_seat_interleavings_rewards_and_zero_decision_seats ... ok
test game::trajectory_v2_tests::trajectory_v2_played_commit_retains_payment_targets_and_owned_policy_data ... ok
test game::trajectory_v2_tests::trajectory_v2_played_pending_privacy_cancellation_and_full_inputs ... ok
test game::trajectory_v2_tests::trajectory_v2_terminal_action_rewards_once_and_truncation_pending ... ok

test result: ok. 9 passed; 0 failed; 0 ignored; 0 measured; 151 filtered out; finished in 0.01s

     Running tests/casting.rs (target/debug/deps/casting-39408b63c0a32ecb)

running 0 tests

test result: ok. 0 passed; 0 failed; 0 ignored; 0 measured; 1 filtered out; finished in 0.00s

     Running tests/combat.rs (target/debug/deps/combat-bb63530f24e1b777)

running 0 tests

test result: ok. 0 passed; 0 failed; 0 ignored; 0 measured; 1 filtered out; finished in 0.00s

     Running tests/core_integration.rs (target/debug/deps/core_integration-40a799f3d1fbc983)

running 0 tests

test result: ok. 0 passed; 0 failed; 0 ignored; 0 measured; 1 filtered out; finished in 0.00s

     Running tests/mana.rs (target/debug/deps/mana-3ea8494fad3cefd6)

running 0 tests

test result: ok. 0 passed; 0 failed; 0 ignored; 0 measured; 6 filtered out; finished in 0.00s

     Running tests/module_paths.rs (target/debug/deps/module_paths-200f1c900b1b0ec0)

running 0 tests

test result: ok. 0 passed; 0 failed; 0 ignored; 0 measured; 1 filtered out; finished in 0.00s

     Running tests/mulligan.rs (target/debug/deps/mulligan-6a627dbc7f87ecd9)

running 0 tests

test result: ok. 0 passed; 0 failed; 0 ignored; 0 measured; 17 filtered out; finished in 0.00s

     Running tests/objects.rs (target/debug/deps/objects-1dd9225411e06106)

running 0 tests

test result: ok. 0 passed; 0 failed; 0 ignored; 0 measured; 4 filtered out; finished in 0.00s

     Running tests/opening.rs (target/debug/deps/opening-2fc5e170a27194bb)

running 0 tests

test result: ok. 0 passed; 0 failed; 0 ignored; 0 measured; 4 filtered out; finished in 0.00s

     Running tests/played_replay.rs (target/debug/deps/played_replay-844c5098c43f1a90)

running 0 tests

test result: ok. 0 passed; 0 failed; 0 ignored; 0 measured; 4 filtered out; finished in 0.00s

     Running tests/quantum.rs (target/debug/deps/quantum-93b5d15e842a4e4c)

running 0 tests

test result: ok. 0 passed; 0 failed; 0 ignored; 0 measured; 4 filtered out; finished in 0.00s

     Running tests/replay.rs (target/debug/deps/replay-0f13caf1c5012784)

running 0 tests

test result: ok. 0 passed; 0 failed; 0 ignored; 0 measured; 10 filtered out; finished in 0.00s

     Running tests/rng.rs (target/debug/deps/rng-8f4f3307455ec009)

running 0 tests

test result: ok. 0 passed; 0 failed; 0 ignored; 0 measured; 3 filtered out; finished in 0.00s

     Running tests/snapshot.rs (target/debug/deps/snapshot-97bc1a0550947af5)

running 0 tests

test result: ok. 0 passed; 0 failed; 0 ignored; 0 measured; 11 filtered out; finished in 0.00s

     Running tests/targets.rs (target/debug/deps/targets-d456e61f74043ac8)

running 0 tests

test result: ok. 0 passed; 0 failed; 0 ignored; 0 measured; 1 filtered out; finished in 0.00s

     Running tests/terminal.rs (target/debug/deps/terminal-c8dd012c804717b9)

running 0 tests

test result: ok. 0 passed; 0 failed; 0 ignored; 0 measured; 3 filtered out; finished in 0.00s

     Running tests/turns.rs (target/debug/deps/turns-1eb9a7df1fbd41ba)

running 0 tests

test result: ok. 0 passed; 0 failed; 0 ignored; 0 measured; 5 filtered out; finished in 0.00s

     Running tests/views.rs (target/debug/deps/views-5d6ad7d558b65654)

running 0 tests

test result: ok. 0 passed; 0 failed; 0 ignored; 0 measured; 3 filtered out; finished in 0.00s

