   Compiling mtg-core v0.0.0 (/home/agent/.local/share/mtg-lab-symphony/workspaces/GH-152/crates/mtg-core)
    Finished `test` profile [unoptimized + debuginfo] target(s) in 1.40s
     Running unittests src/lib.rs (target/debug/deps/mtg_core-6a433e9b4f35bac6)

running 5 tests

thread 'game::trajectory_v2_tests::trajectory_v2_cleanup_multiple_discards_draw_failure_and_nonacting_reward' (278) panicked at crates/mtg-core/src/trajectory_v2_tests.rs:14:53:
structured capture must retain authorized inputs: Unavailable
note: run with `RUST_BACKTRACE=1` environment variable to display a backtrace

thread 'game::trajectory_v2_tests::trajectory_v2_ordered_bottom_owned_and_atomic_rejections' (280) panicked at crates/mtg-core/src/trajectory_v2_tests.rs:14:53:
structured capture must retain authorized inputs: Unavailable

thread 'game::trajectory_v2_tests::trajectory_v2_combat_domains_subsets_maps_allocations_and_backtracking' (279) panicked at crates/mtg-core/src/trajectory_v2_tests.rs:14:53:
structured capture must retain authorized inputs: Unavailable
test game::trajectory_v2_tests::trajectory_v2_cleanup_multiple_discards_draw_failure_and_nonacting_reward ... FAILED
test game::trajectory_v2_tests::trajectory_v2_combat_domains_subsets_maps_allocations_and_backtracking ... FAILED
test game::trajectory_v2_tests::trajectory_v2_ordered_bottom_owned_and_atomic_rejections ... FAILED

thread 'game::trajectory_v2_tests::trajectory_v2_same_seat_interleavings_rewards_and_zero_decision_seats' (282) panicked at crates/mtg-core/src/trajectory_v2_tests.rs:14:53:
structured capture must retain authorized inputs: Unavailable
test game::trajectory_v2_tests::trajectory_v2_same_seat_interleavings_rewards_and_zero_decision_seats ... FAILED

thread 'game::trajectory_v2_tests::trajectory_v2_played_pending_privacy_cancellation_and_full_inputs' (281) panicked at crates/mtg-core/src/trajectory_v2_tests.rs:14:53:
structured capture must retain authorized inputs: Unavailable
test game::trajectory_v2_tests::trajectory_v2_played_pending_privacy_cancellation_and_full_inputs ... FAILED

failures:

failures:
    game::trajectory_v2_tests::trajectory_v2_cleanup_multiple_discards_draw_failure_and_nonacting_reward
    game::trajectory_v2_tests::trajectory_v2_combat_domains_subsets_maps_allocations_and_backtracking
    game::trajectory_v2_tests::trajectory_v2_ordered_bottom_owned_and_atomic_rejections
    game::trajectory_v2_tests::trajectory_v2_played_pending_privacy_cancellation_and_full_inputs
    game::trajectory_v2_tests::trajectory_v2_same_seat_interleavings_rewards_and_zero_decision_seats

test result: FAILED. 0 passed; 5 failed; 0 ignored; 0 measured; 151 filtered out; finished in 0.00s

error: test failed, to rerun pass `-p mtg-core --lib`
