Symphony resource lock: acquired heavy
.....FFFF.....
======================================================================
FAIL: test_late_pending_and_boundary_mutations_fail (test_m2_repair_triggers.TriggerTests.test_late_pending_and_boundary_mutations_fail) (repeat=False, field='trigger_boundary')
----------------------------------------------------------------------
Traceback (most recent call last):
  File "/home/agent/.local/share/mtg-lab-symphony/workspaces/GH-274/tests/test_m2_repair_triggers.py", line 56, in test_late_pending_and_boundary_mutations_fail
    with self.subTest(repeat=repeat, field=field), self.assertRaises(ValueError):
AssertionError: ValueError not raised

======================================================================
FAIL: test_late_pending_and_boundary_mutations_fail (test_m2_repair_triggers.TriggerTests.test_late_pending_and_boundary_mutations_fail) (repeat=False, field='pending_triggers')
----------------------------------------------------------------------
Traceback (most recent call last):
  File "/home/agent/.local/share/mtg-lab-symphony/workspaces/GH-274/tests/test_m2_repair_triggers.py", line 56, in test_late_pending_and_boundary_mutations_fail
    with self.subTest(repeat=repeat, field=field), self.assertRaises(ValueError):
AssertionError: ValueError not raised

======================================================================
FAIL: test_late_pending_and_boundary_mutations_fail (test_m2_repair_triggers.TriggerTests.test_late_pending_and_boundary_mutations_fail) (repeat=True, field='trigger_boundary')
----------------------------------------------------------------------
Traceback (most recent call last):
  File "/home/agent/.local/share/mtg-lab-symphony/workspaces/GH-274/tests/test_m2_repair_triggers.py", line 56, in test_late_pending_and_boundary_mutations_fail
    with self.subTest(repeat=repeat, field=field), self.assertRaises(ValueError):
AssertionError: ValueError not raised

======================================================================
FAIL: test_late_pending_and_boundary_mutations_fail (test_m2_repair_triggers.TriggerTests.test_late_pending_and_boundary_mutations_fail) (repeat=True, field='pending_triggers')
----------------------------------------------------------------------
Traceback (most recent call last):
  File "/home/agent/.local/share/mtg-lab-symphony/workspaces/GH-274/tests/test_m2_repair_triggers.py", line 56, in test_late_pending_and_boundary_mutations_fail
    with self.subTest(repeat=repeat, field=field), self.assertRaises(ValueError):
AssertionError: ValueError not raised

----------------------------------------------------------------------
Ran 11 tests in 47.439s

FAILED (failures=4)
